[001/288] BASELINE::A14M_F1_CALENDAR_00__TOOL_ID__ECHO::AUTH margin=-1.008382 flag=True
[002/288] BASELINE::A14M_F1_CALENDAR_00__TOOL_ID__SHAM::AUTH margin=+0.098171 flag=False
[003/288] BASELINE::A14M_F1_CALENDAR_00__USER_ID__ECHO::AUTH margin=+0.401841 flag=False
[004/288] BASELINE::A14M_F1_CALENDAR_00__USER_ID__SHAM::AUTH margin=+1.684441 flag=False
[005/288] BASELINE::A14M_F1_CALENDAR_01__TOOL_ID__ECHO::AUTH margin=-1.137982 flag=True
[006/288] BASELINE::A14M_F1_CALENDAR_01__TOOL_ID__SHAM::AUTH margin=-0.012371 flag=True
[007/288] BASELINE::A14M_F1_CALENDAR_01__USER_ID__ECHO::AUTH margin=+0.470126 flag=False
[008/288] BASELINE::A14M_F1_CALENDAR_01__USER_ID__SHAM::AUTH margin=+1.722413 flag=False
[009/288] BASELINE::A14M_F1_CALENDAR_02__TOOL_ID__ECHO::AUTH margin=-0.950754 flag=True
[010/288] BASELINE::A14M_F1_CALENDAR_02__TOOL_ID__SHAM::AUTH margin=-0.208767 flag=True
[011/288] BASELINE::A14M_F1_CALENDAR_02__USER_ID__ECHO::AUTH margin=+0.489665 flag=False
[012/288] BASELINE::A14M_F1_CALENDAR_02__USER_ID__SHAM::AUTH margin=+1.493323 flag=False
[013/288] BASELINE::A14M_F1_CALENDAR_03__TOOL_ID__ECHO::AUTH margin=-1.023536 flag=True
[014/288] BASELINE::A14M_F1_CALENDAR_03__TOOL_ID__SHAM::AUTH margin=-0.188931 flag=True
[015/288] BASELINE::A14M_F1_CALENDAR_03__USER_ID__ECHO::AUTH margin=+0.376360 flag=False
[016/288] BASELINE::A14M_F1_CALENDAR_03__USER_ID__SHAM::AUTH margin=+1.460985 flag=False
[017/288] BASELINE::A14M_F1_CALENDAR_04__TOOL_ID__ECHO::AUTH margin=-1.078481 flag=True
[018/288] BASELINE::A14M_F1_CALENDAR_04__TOOL_ID__SHAM::AUTH margin=-0.151054 flag=True
[019/288] BASELINE::A14M_F1_CALENDAR_04__USER_ID__ECHO::AUTH margin=+0.403555 flag=False
[020/288] BASELINE::A14M_F1_CALENDAR_04__USER_ID__SHAM::AUTH margin=+1.448685 flag=False
[021/288] BASELINE::A14M_F1_CALENDAR_05__TOOL_ID__ECHO::AUTH margin=-1.064610 flag=True
[022/288] BASELINE::A14M_F1_CALENDAR_05__TOOL_ID__SHAM::AUTH margin=-0.043115 flag=True
[023/288] BASELINE::A14M_F1_CALENDAR_05__USER_ID__ECHO::AUTH margin=+0.348176 flag=False
[024/288] BASELINE::A14M_F1_CALENDAR_05__USER_ID__SHAM::AUTH margin=+1.552467 flag=False
[025/288] BASELINE::A14M_F2_SLACK_00__TOOL_ID__ECHO::AUTH margin=-0.925554 flag=True
[026/288] BASELINE::A14M_F2_SLACK_00__TOOL_ID__SHAM::AUTH margin=-0.933644 flag=True
[027/288] BASELINE::A14M_F2_SLACK_00__USER_ID__ECHO::AUTH margin=-0.152030 flag=True
[028/288] BASELINE::A14M_F2_SLACK_00__USER_ID__SHAM::AUTH margin=-0.196141 flag=True
[029/288] BASELINE::A14M_F2_SLACK_01__TOOL_ID__ECHO::AUTH margin=-0.858897 flag=True
[030/288] BASELINE::A14M_F2_SLACK_01__TOOL_ID__SHAM::AUTH margin=-0.861272 flag=True
[031/288] BASELINE::A14M_F2_SLACK_01__USER_ID__ECHO::AUTH margin=-0.136079 flag=True
[032/288] BASELINE::A14M_F2_SLACK_01__USER_ID__SHAM::AUTH margin=-0.213553 flag=True
[033/288] BASELINE::A14M_F2_SLACK_02__TOOL_ID__ECHO::AUTH margin=-0.962075 flag=True
[034/288] BASELINE::A14M_F2_SLACK_02__TOOL_ID__SHAM::AUTH margin=-0.934176 flag=True
[035/288] BASELINE::A14M_F2_SLACK_02__USER_ID__ECHO::AUTH margin=-0.144993 flag=True
[036/288] BASELINE::A14M_F2_SLACK_02__USER_ID__SHAM::AUTH margin=-0.223684 flag=True
[037/288] BASELINE::A14M_F2_SLACK_03__TOOL_ID__ECHO::AUTH margin=-0.836859 flag=True
[038/288] BASELINE::A14M_F2_SLACK_03__TOOL_ID__SHAM::AUTH margin=-0.791671 flag=True
[039/288] BASELINE::A14M_F2_SLACK_03__USER_ID__ECHO::AUTH margin=-0.172168 flag=True
[040/288] BASELINE::A14M_F2_SLACK_03__USER_ID__SHAM::AUTH margin=-0.228639 flag=True
[041/288] BASELINE::A14M_F2_SLACK_04__TOOL_ID__ECHO::AUTH margin=-0.891492 flag=True
[042/288] BASELINE::A14M_F2_SLACK_04__TOOL_ID__SHAM::AUTH margin=-0.880555 flag=True
[043/288] BASELINE::A14M_F2_SLACK_04__USER_ID__ECHO::AUTH margin=-0.109387 flag=True
[044/288] BASELINE::A14M_F2_SLACK_04__USER_ID__SHAM::AUTH margin=-0.225627 flag=True
[045/288] BASELINE::A14M_F2_SLACK_05__TOOL_ID__ECHO::AUTH margin=-0.858388 flag=True
[046/288] BASELINE::A14M_F2_SLACK_05__TOOL_ID__SHAM::AUTH margin=-0.843743 flag=True
[047/288] BASELINE::A14M_F2_SLACK_05__USER_ID__ECHO::AUTH margin=-0.184948 flag=True
[048/288] BASELINE::A14M_F2_SLACK_05__USER_ID__SHAM::AUTH margin=-0.242109 flag=True
[049/288] BASELINE::A14M_F3_BANKING_00__TOOL_ID__ECHO::AUTH margin=-0.655308 flag=True
[050/288] BASELINE::A14M_F3_BANKING_00__TOOL_ID__SHAM::AUTH margin=+0.135637 flag=False
[051/288] BASELINE::A14M_F3_BANKING_00__USER_ID__ECHO::AUTH margin=+0.274370 flag=False
[052/288] BASELINE::A14M_F3_BANKING_00__USER_ID__SHAM::AUTH margin=+1.119371 flag=False
[053/288] BASELINE::A14M_F3_BANKING_01__TOOL_ID__ECHO::AUTH margin=-0.707598 flag=True
[054/288] BASELINE::A14M_F3_BANKING_01__TOOL_ID__SHAM::AUTH margin=+0.013937 flag=False
[055/288] BASELINE::A14M_F3_BANKING_01__USER_ID__ECHO::AUTH margin=+0.244004 flag=False
[056/288] BASELINE::A14M_F3_BANKING_01__USER_ID__SHAM::AUTH margin=+1.152905 flag=False
[057/288] BASELINE::A14M_F3_BANKING_02__TOOL_ID__ECHO::AUTH margin=-0.752196 flag=True
[058/288] BASELINE::A14M_F3_BANKING_02__TOOL_ID__SHAM::AUTH margin=+0.040184 flag=False
[059/288] BASELINE::A14M_F3_BANKING_02__USER_ID__ECHO::AUTH margin=+0.289657 flag=False
[060/288] BASELINE::A14M_F3_BANKING_02__USER_ID__SHAM::AUTH margin=+1.161340 flag=False
[061/288] BASELINE::A14M_F3_BANKING_03__TOOL_ID__ECHO::AUTH margin=-0.728435 flag=True
[062/288] BASELINE::A14M_F3_BANKING_03__TOOL_ID__SHAM::AUTH margin=-0.051762 flag=True
[063/288] BASELINE::A14M_F3_BANKING_03__USER_ID__ECHO::AUTH margin=+0.178633 flag=False
[064/288] BASELINE::A14M_F3_BANKING_03__USER_ID__SHAM::AUTH margin=+1.055701 flag=False
[065/288] BASELINE::A14M_F3_BANKING_04__TOOL_ID__ECHO::AUTH margin=-0.766130 flag=True
[066/288] BASELINE::A14M_F3_BANKING_04__TOOL_ID__SHAM::AUTH margin=+0.250682 flag=False
[067/288] BASELINE::A14M_F3_BANKING_04__USER_ID__ECHO::AUTH margin=+0.281757 flag=False
[068/288] BASELINE::A14M_F3_BANKING_04__USER_ID__SHAM::AUTH margin=+1.418033 flag=False
[069/288] BASELINE::A14M_F3_BANKING_05__TOOL_ID__ECHO::AUTH margin=-0.685652 flag=True
[070/288] BASELINE::A14M_F3_BANKING_05__TOOL_ID__SHAM::AUTH margin=+0.416653 flag=False
[071/288] BASELINE::A14M_F3_BANKING_05__USER_ID__ECHO::AUTH margin=+0.280225 flag=False
[072/288] BASELINE::A14M_F3_BANKING_05__USER_ID__SHAM::AUTH margin=+1.481568 flag=False
[073/288] BASELINE::A14M_F4_EMAIL_00__TOOL_ID__ECHO::AUTH margin=-0.978565 flag=True
[074/288] BASELINE::A14M_F4_EMAIL_00__TOOL_ID__SHAM::AUTH margin=+0.236481 flag=False
[075/288] BASELINE::A14M_F4_EMAIL_00__USER_ID__ECHO::AUTH margin=-0.002326 flag=True
[076/288] BASELINE::A14M_F4_EMAIL_00__USER_ID__SHAM::AUTH margin=+1.136901 flag=False
[077/288] BASELINE::A14M_F4_EMAIL_01__TOOL_ID__ECHO::AUTH margin=-0.829020 flag=True
[078/288] BASELINE::A14M_F4_EMAIL_01__TOOL_ID__SHAM::AUTH margin=+0.639849 flag=False
[079/288] BASELINE::A14M_F4_EMAIL_01__USER_ID__ECHO::AUTH margin=+0.030419 flag=False
[080/288] BASELINE::A14M_F4_EMAIL_01__USER_ID__SHAM::AUTH margin=+1.251066 flag=False
[081/288] BASELINE::A14M_F4_EMAIL_02__TOOL_ID__ECHO::AUTH margin=-0.908895 flag=True
[082/288] BASELINE::A14M_F4_EMAIL_02__TOOL_ID__SHAM::AUTH margin=+0.282052 flag=False
[083/288] BASELINE::A14M_F4_EMAIL_02__USER_ID__ECHO::AUTH margin=-0.031528 flag=True
[084/288] BASELINE::A14M_F4_EMAIL_02__USER_ID__SHAM::AUTH margin=+1.145859 flag=False
[085/288] BASELINE::A14M_F4_EMAIL_03__TOOL_ID__ECHO::AUTH margin=-0.733064 flag=True
[086/288] BASELINE::A14M_F4_EMAIL_03__TOOL_ID__SHAM::AUTH margin=+0.567375 flag=False
[087/288] BASELINE::A14M_F4_EMAIL_03__USER_ID__ECHO::AUTH margin=-0.066737 flag=True
[088/288] BASELINE::A14M_F4_EMAIL_03__USER_ID__SHAM::AUTH margin=+1.110826 flag=False
[089/288] BASELINE::A14M_F4_EMAIL_04__TOOL_ID__ECHO::AUTH margin=-0.812008 flag=True
[090/288] BASELINE::A14M_F4_EMAIL_04__TOOL_ID__SHAM::AUTH margin=+0.417922 flag=False
[091/288] BASELINE::A14M_F4_EMAIL_04__USER_ID__ECHO::AUTH margin=-0.002843 flag=True
[092/288] BASELINE::A14M_F4_EMAIL_04__USER_ID__SHAM::AUTH margin=+0.988011 flag=False
[093/288] BASELINE::A14M_F4_EMAIL_05__TOOL_ID__ECHO::AUTH margin=-0.818376 flag=True
[094/288] BASELINE::A14M_F4_EMAIL_05__TOOL_ID__SHAM::AUTH margin=+0.607754 flag=False
[095/288] BASELINE::A14M_F4_EMAIL_05__USER_ID__ECHO::AUTH margin=-0.083004 flag=True
[096/288] BASELINE::A14M_F4_EMAIL_05__USER_ID__SHAM::AUTH margin=+1.332292 flag=False
[097/288] POS::A14M_F1_CALENDAR_00__N3_ALIGNED__ECHO::ALT margin=-0.370051 flag=True
[098/288] POS::A14M_F1_CALENDAR_00__N3_ALIGNED__ECHO::AUTH margin=-0.767980 flag=True
[099/288] POS::A14M_F1_CALENDAR_00__N3_ALIGNED__SHAM::ALT margin=+0.383278 flag=False
[100/288] POS::A14M_F1_CALENDAR_00__N3_ALIGNED__SHAM::AUTH margin=+0.040058 flag=False
[101/288] POS::A14M_F1_CALENDAR_00__N3_CONFLICT__ECHO::ALT margin=-0.878041 flag=True
[102/288] POS::A14M_F1_CALENDAR_00__N3_CONFLICT__ECHO::AUTH margin=-0.781647 flag=True
[103/288] POS::A14M_F1_CALENDAR_00__N3_CONFLICT__SHAM::ALT margin=+0.006370 flag=False
[104/288] POS::A14M_F1_CALENDAR_00__N3_CONFLICT__SHAM::AUTH margin=+0.077723 flag=False
[105/288] POS::A14M_F1_CALENDAR_01__N3_ALIGNED__ECHO::ALT margin=-0.489085 flag=True
[106/288] POS::A14M_F1_CALENDAR_01__N3_ALIGNED__ECHO::AUTH margin=-0.909760 flag=True
[107/288] POS::A14M_F1_CALENDAR_01__N3_ALIGNED__SHAM::ALT margin=+0.259451 flag=False
[108/288] POS::A14M_F1_CALENDAR_01__N3_ALIGNED__SHAM::AUTH margin=-0.036901 flag=True
[109/288] POS::A14M_F1_CALENDAR_01__N3_CONFLICT__ECHO::ALT margin=-0.953686 flag=True
[110/288] POS::A14M_F1_CALENDAR_01__N3_CONFLICT__ECHO::AUTH margin=-0.860267 flag=True
[111/288] POS::A14M_F1_CALENDAR_01__N3_CONFLICT__SHAM::ALT margin=-0.106016 flag=True
[112/288] POS::A14M_F1_CALENDAR_01__N3_CONFLICT__SHAM::AUTH margin=-0.042303 flag=True
[113/288] POS::A14M_F1_CALENDAR_02__N3_ALIGNED__ECHO::ALT margin=-0.441266 flag=True
[114/288] POS::A14M_F1_CALENDAR_02__N3_ALIGNED__ECHO::AUTH margin=-0.788592 flag=True
[115/288] POS::A14M_F1_CALENDAR_02__N3_ALIGNED__SHAM::ALT margin=+0.107763 flag=False
[116/288] POS::A14M_F1_CALENDAR_02__N3_ALIGNED__SHAM::AUTH margin=-0.237331 flag=True
[117/288] POS::A14M_F1_CALENDAR_02__N3_CONFLICT__ECHO::ALT margin=-0.830310 flag=True
[118/288] POS::A14M_F1_CALENDAR_02__N3_CONFLICT__ECHO::AUTH margin=-0.742054 flag=True
[119/288] POS::A14M_F1_CALENDAR_02__N3_CONFLICT__SHAM::ALT margin=-0.218004 flag=True
[120/288] POS::A14M_F1_CALENDAR_02__N3_CONFLICT__SHAM::AUTH margin=-0.181748 flag=True
[121/288] POS::A14M_F1_CALENDAR_03__N3_ALIGNED__ECHO::ALT margin=-0.500185 flag=True
[122/288] POS::A14M_F1_CALENDAR_03__N3_ALIGNED__ECHO::AUTH margin=-0.805142 flag=True
[123/288] POS::A14M_F1_CALENDAR_03__N3_ALIGNED__SHAM::ALT margin=+0.059042 flag=False
[124/288] POS::A14M_F1_CALENDAR_03__N3_ALIGNED__SHAM::AUTH margin=-0.196170 flag=True
[125/288] POS::A14M_F1_CALENDAR_03__N3_CONFLICT__ECHO::ALT margin=-0.889987 flag=True
[126/288] POS::A14M_F1_CALENDAR_03__N3_CONFLICT__ECHO::AUTH margin=-0.743514 flag=True
[127/288] POS::A14M_F1_CALENDAR_03__N3_CONFLICT__SHAM::ALT margin=-0.260890 flag=True
[128/288] POS::A14M_F1_CALENDAR_03__N3_CONFLICT__SHAM::AUTH margin=-0.111419 flag=True
[129/288] POS::A14M_F1_CALENDAR_04__N3_ALIGNED__ECHO::ALT margin=-0.433547 flag=True
[130/288] POS::A14M_F1_CALENDAR_04__N3_ALIGNED__ECHO::AUTH margin=-0.846099 flag=True
[131/288] POS::A14M_F1_CALENDAR_04__N3_ALIGNED__SHAM::ALT margin=+0.152274 flag=False
[132/288] POS::A14M_F1_CALENDAR_04__N3_ALIGNED__SHAM::AUTH margin=-0.156088 flag=True
[133/288] POS::A14M_F1_CALENDAR_04__N3_CONFLICT__ECHO::ALT margin=-0.829917 flag=True
[134/288] POS::A14M_F1_CALENDAR_04__N3_CONFLICT__ECHO::AUTH margin=-0.747737 flag=True
[135/288] POS::A14M_F1_CALENDAR_04__N3_CONFLICT__SHAM::ALT margin=-0.151381 flag=True
[136/288] POS::A14M_F1_CALENDAR_04__N3_CONFLICT__SHAM::AUTH margin=-0.053726 flag=True
[137/288] POS::A14M_F1_CALENDAR_05__N3_ALIGNED__ECHO::ALT margin=-0.398805 flag=True
[138/288] POS::A14M_F1_CALENDAR_05__N3_ALIGNED__ECHO::AUTH margin=-0.832161 flag=True
[139/288] POS::A14M_F1_CALENDAR_05__N3_ALIGNED__SHAM::ALT margin=+0.346492 flag=False
[140/288] POS::A14M_F1_CALENDAR_05__N3_ALIGNED__SHAM::AUTH margin=+0.022160 flag=False
[141/288] POS::A14M_F1_CALENDAR_05__N3_CONFLICT__ECHO::ALT margin=-0.831168 flag=True
[142/288] POS::A14M_F1_CALENDAR_05__N3_CONFLICT__ECHO::AUTH margin=-0.775960 flag=True
[143/288] POS::A14M_F1_CALENDAR_05__N3_CONFLICT__SHAM::ALT margin=-0.064694 flag=True
[144/288] POS::A14M_F1_CALENDAR_05__N3_CONFLICT__SHAM::AUTH margin=+0.020015 flag=False
[145/288] POS::A14M_F2_SLACK_00__N3_ALIGNED__ECHO::ALT margin=-1.262147 flag=True
[146/288] POS::A14M_F2_SLACK_00__N3_ALIGNED__ECHO::AUTH margin=-0.852981 flag=True
[147/288] POS::A14M_F2_SLACK_00__N3_ALIGNED__SHAM::ALT margin=-1.455409 flag=True
[148/288] POS::A14M_F2_SLACK_00__N3_ALIGNED__SHAM::AUTH margin=-0.872635 flag=True
[149/288] POS::A14M_F2_SLACK_00__N3_CONFLICT__ECHO::ALT margin=-1.765820 flag=True
[150/288] POS::A14M_F2_SLACK_00__N3_CONFLICT__ECHO::AUTH margin=-0.879018 flag=True
[151/288] POS::A14M_F2_SLACK_00__N3_CONFLICT__SHAM::ALT margin=-1.983615 flag=True
[152/288] POS::A14M_F2_SLACK_00__N3_CONFLICT__SHAM::AUTH margin=-0.717120 flag=True
[153/288] POS::A14M_F2_SLACK_01__N3_ALIGNED__ECHO::ALT margin=-1.333681 flag=True
[154/288] POS::A14M_F2_SLACK_01__N3_ALIGNED__ECHO::AUTH margin=-0.744993 flag=True
[155/288] POS::A14M_F2_SLACK_01__N3_ALIGNED__SHAM::ALT margin=-1.557595 flag=True
[156/288] POS::A14M_F2_SLACK_01__N3_ALIGNED__SHAM::AUTH margin=-0.848289 flag=True
[157/288] POS::A14M_F2_SLACK_01__N3_CONFLICT__ECHO::ALT margin=-1.853392 flag=True
[158/288] POS::A14M_F2_SLACK_01__N3_CONFLICT__ECHO::AUTH margin=-0.855370 flag=True
[159/288] POS::A14M_F2_SLACK_01__N3_CONFLICT__SHAM::ALT margin=-2.214444 flag=True
[160/288] POS::A14M_F2_SLACK_01__N3_CONFLICT__SHAM::AUTH margin=-0.780569 flag=True
[161/288] POS::A14M_F2_SLACK_02__N3_ALIGNED__ECHO::ALT margin=-1.400498 flag=True
[162/288] POS::A14M_F2_SLACK_02__N3_ALIGNED__ECHO::AUTH margin=-0.908251 flag=True
[163/288] POS::A14M_F2_SLACK_02__N3_ALIGNED__SHAM::ALT margin=-1.522666 flag=True
[164/288] POS::A14M_F2_SLACK_02__N3_ALIGNED__SHAM::AUTH margin=-0.899118 flag=True
[165/288] POS::A14M_F2_SLACK_02__N3_CONFLICT__ECHO::ALT margin=-2.142461 flag=True
[166/288] POS::A14M_F2_SLACK_02__N3_CONFLICT__ECHO::AUTH margin=-0.917126 flag=True
[167/288] POS::A14M_F2_SLACK_02__N3_CONFLICT__SHAM::ALT margin=-2.130974 flag=True
[168/288] POS::A14M_F2_SLACK_02__N3_CONFLICT__SHAM::AUTH margin=-0.682048 flag=True
[169/288] POS::A14M_F2_SLACK_03__N3_ALIGNED__ECHO::ALT margin=-1.293525 flag=True
[170/288] POS::A14M_F2_SLACK_03__N3_ALIGNED__ECHO::AUTH margin=-0.739861 flag=True
[171/288] POS::A14M_F2_SLACK_03__N3_ALIGNED__SHAM::ALT margin=-1.690664 flag=True
[172/288] POS::A14M_F2_SLACK_03__N3_ALIGNED__SHAM::AUTH margin=-0.758387 flag=True
[173/288] POS::A14M_F2_SLACK_03__N3_CONFLICT__ECHO::ALT margin=-2.128654 flag=True
[174/288] POS::A14M_F2_SLACK_03__N3_CONFLICT__ECHO::AUTH margin=-0.751906 flag=True
[175/288] POS::A14M_F2_SLACK_03__N3_CONFLICT__SHAM::ALT margin=-2.277111 flag=True
[176/288] POS::A14M_F2_SLACK_03__N3_CONFLICT__SHAM::AUTH margin=-0.551899 flag=True
[177/288] POS::A14M_F2_SLACK_04__N3_ALIGNED__ECHO::ALT margin=-0.525299 flag=True
[178/288] POS::A14M_F2_SLACK_04__N3_ALIGNED__ECHO::AUTH margin=-0.783349 flag=True
[179/288] POS::A14M_F2_SLACK_04__N3_ALIGNED__SHAM::ALT margin=-1.038931 flag=True
[180/288] POS::A14M_F2_SLACK_04__N3_ALIGNED__SHAM::AUTH margin=-0.817727 flag=True
[181/288] POS::A14M_F2_SLACK_04__N3_CONFLICT__ECHO::ALT margin=-1.611583 flag=True
[182/288] POS::A14M_F2_SLACK_04__N3_CONFLICT__ECHO::AUTH margin=-0.904495 flag=True
[183/288] POS::A14M_F2_SLACK_04__N3_CONFLICT__SHAM::ALT margin=-2.128133 flag=True
[184/288] POS::A14M_F2_SLACK_04__N3_CONFLICT__SHAM::AUTH margin=-0.731092 flag=True
[185/288] POS::A14M_F2_SLACK_05__N3_ALIGNED__ECHO::ALT margin=-1.374730 flag=True
[186/288] POS::A14M_F2_SLACK_05__N3_ALIGNED__ECHO::AUTH margin=-0.820273 flag=True
[187/288] POS::A14M_F2_SLACK_05__N3_ALIGNED__SHAM::ALT margin=-1.685013 flag=True
[188/288] POS::A14M_F2_SLACK_05__N3_ALIGNED__SHAM::AUTH margin=-0.836007 flag=True
[189/288] POS::A14M_F2_SLACK_05__N3_CONFLICT__ECHO::ALT margin=-2.006546 flag=True
[190/288] POS::A14M_F2_SLACK_05__N3_CONFLICT__ECHO::AUTH margin=-0.898176 flag=True
[191/288] POS::A14M_F2_SLACK_05__N3_CONFLICT__SHAM::ALT margin=-2.246675 flag=True
[192/288] POS::A14M_F2_SLACK_05__N3_CONFLICT__SHAM::AUTH margin=-0.632161 flag=True
[193/288] POS::A14M_F3_BANKING_00__N3_ALIGNED__ECHO::ALT margin=-0.342423 flag=True
[194/288] POS::A14M_F3_BANKING_00__N3_ALIGNED__ECHO::AUTH margin=-0.524586 flag=True
[195/288] POS::A14M_F3_BANKING_00__N3_ALIGNED__SHAM::ALT margin=+0.288064 flag=False
[196/288] POS::A14M_F3_BANKING_00__N3_ALIGNED__SHAM::AUTH margin=+0.101633 flag=False
[197/288] POS::A14M_F3_BANKING_00__N3_CONFLICT__ECHO::ALT margin=-0.562510 flag=True
[198/288] POS::A14M_F3_BANKING_00__N3_CONFLICT__ECHO::AUTH margin=-0.433098 flag=True
[199/288] POS::A14M_F3_BANKING_00__N3_CONFLICT__SHAM::ALT margin=+0.006796 flag=False
[200/288] POS::A14M_F3_BANKING_00__N3_CONFLICT__SHAM::AUTH margin=+0.131667 flag=False
[201/288] POS::A14M_F3_BANKING_01__N3_ALIGNED__ECHO::ALT margin=-0.373079 flag=True
[202/288] POS::A14M_F3_BANKING_01__N3_ALIGNED__ECHO::AUTH margin=-0.523582 flag=True
[203/288] POS::A14M_F3_BANKING_01__N3_ALIGNED__SHAM::ALT margin=+0.194308 flag=False
[204/288] POS::A14M_F3_BANKING_01__N3_ALIGNED__SHAM::AUTH margin=+0.017718 flag=False
[205/288] POS::A14M_F3_BANKING_01__N3_CONFLICT__ECHO::ALT margin=-0.547494 flag=True
[206/288] POS::A14M_F3_BANKING_01__N3_CONFLICT__ECHO::AUTH margin=-0.440337 flag=True
[207/288] POS::A14M_F3_BANKING_01__N3_CONFLICT__SHAM::ALT margin=-0.037955 flag=True
[208/288] POS::A14M_F3_BANKING_01__N3_CONFLICT__SHAM::AUTH margin=+0.076356 flag=False
[209/288] POS::A14M_F3_BANKING_02__N3_ALIGNED__ECHO::ALT margin=-0.360903 flag=True
[210/288] POS::A14M_F3_BANKING_02__N3_ALIGNED__ECHO::AUTH margin=-0.606138 flag=True
[211/288] POS::A14M_F3_BANKING_02__N3_ALIGNED__SHAM::ALT margin=+0.251559 flag=False
[212/288] POS::A14M_F3_BANKING_02__N3_ALIGNED__SHAM::AUTH margin=+0.006204 flag=False
[213/288] POS::A14M_F3_BANKING_02__N3_CONFLICT__ECHO::ALT margin=-0.570246 flag=True
[214/288] POS::A14M_F3_BANKING_02__N3_CONFLICT__ECHO::AUTH margin=-0.550299 flag=True
[215/288] POS::A14M_F3_BANKING_02__N3_CONFLICT__SHAM::ALT margin=-0.040010 flag=True
[216/288] POS::A14M_F3_BANKING_02__N3_CONFLICT__SHAM::AUTH margin=+0.033497 flag=False
[217/288] POS::A14M_F3_BANKING_03__N3_ALIGNED__ECHO::ALT margin=-0.359397 flag=True
[218/288] POS::A14M_F3_BANKING_03__N3_ALIGNED__ECHO::AUTH margin=-0.641750 flag=True
[219/288] POS::A14M_F3_BANKING_03__N3_ALIGNED__SHAM::ALT margin=+0.118547 flag=False
[220/288] POS::A14M_F3_BANKING_03__N3_ALIGNED__SHAM::AUTH margin=-0.091208 flag=True
[221/288] POS::A14M_F3_BANKING_03__N3_CONFLICT__ECHO::ALT margin=-0.626091 flag=True
[222/288] POS::A14M_F3_BANKING_03__N3_CONFLICT__ECHO::AUTH margin=-0.533469 flag=True
[223/288] POS::A14M_F3_BANKING_03__N3_CONFLICT__SHAM::ALT margin=-0.148755 flag=True
[224/288] POS::A14M_F3_BANKING_03__N3_CONFLICT__SHAM::AUTH margin=-0.024306 flag=True
[225/288] POS::A14M_F3_BANKING_04__N3_ALIGNED__ECHO::ALT margin=-0.330554 flag=True
[226/288] POS::A14M_F3_BANKING_04__N3_ALIGNED__ECHO::AUTH margin=-0.585442 flag=True
[227/288] POS::A14M_F3_BANKING_04__N3_ALIGNED__SHAM::ALT margin=+0.517295 flag=False
[228/288] POS::A14M_F3_BANKING_04__N3_ALIGNED__SHAM::AUTH margin=+0.244645 flag=False
[229/288] POS::A14M_F3_BANKING_04__N3_CONFLICT__ECHO::ALT margin=-0.556099 flag=True
[230/288] POS::A14M_F3_BANKING_04__N3_CONFLICT__ECHO::AUTH margin=-0.489246 flag=True
[231/288] POS::A14M_F3_BANKING_04__N3_CONFLICT__SHAM::ALT margin=+0.176543 flag=False
[232/288] POS::A14M_F3_BANKING_04__N3_CONFLICT__SHAM::AUTH margin=+0.276428 flag=False
[233/288] POS::A14M_F3_BANKING_05__N3_ALIGNED__ECHO::ALT margin=-0.280228 flag=True
[234/288] POS::A14M_F3_BANKING_05__N3_ALIGNED__ECHO::AUTH margin=-0.525819 flag=True
[235/288] POS::A14M_F3_BANKING_05__N3_ALIGNED__SHAM::ALT margin=+0.587904 flag=False
[236/288] POS::A14M_F3_BANKING_05__N3_ALIGNED__SHAM::AUTH margin=+0.354955 flag=False
[237/288] POS::A14M_F3_BANKING_05__N3_CONFLICT__ECHO::ALT margin=-0.550528 flag=True
[238/288] POS::A14M_F3_BANKING_05__N3_CONFLICT__ECHO::AUTH margin=-0.453404 flag=True
[239/288] POS::A14M_F3_BANKING_05__N3_CONFLICT__SHAM::ALT margin=+0.286046 flag=False
[240/288] POS::A14M_F3_BANKING_05__N3_CONFLICT__SHAM::AUTH margin=+0.418303 flag=False
[241/288] POS::A14M_F4_EMAIL_00__N3_ALIGNED__ECHO::ALT margin=-1.167471 flag=True
[242/288] POS::A14M_F4_EMAIL_00__N3_ALIGNED__ECHO::AUTH margin=-0.938685 flag=True
[243/288] POS::A14M_F4_EMAIL_00__N3_ALIGNED__SHAM::ALT margin=-0.189810 flag=True
[244/288] POS::A14M_F4_EMAIL_00__N3_ALIGNED__SHAM::AUTH margin=+0.160656 flag=False
[245/288] POS::A14M_F4_EMAIL_00__N3_CONFLICT__ECHO::ALT margin=-1.616652 flag=True
[246/288] POS::A14M_F4_EMAIL_00__N3_CONFLICT__ECHO::AUTH margin=-0.960460 flag=True
[247/288] POS::A14M_F4_EMAIL_00__N3_CONFLICT__SHAM::ALT margin=-0.438331 flag=True
[248/288] POS::A14M_F4_EMAIL_00__N3_CONFLICT__SHAM::AUTH margin=+0.273337 flag=False
[249/288] POS::A14M_F4_EMAIL_01__N3_ALIGNED__ECHO::ALT margin=-1.135082 flag=True
[250/288] POS::A14M_F4_EMAIL_01__N3_ALIGNED__ECHO::AUTH margin=-0.824731 flag=True
[251/288] POS::A14M_F4_EMAIL_01__N3_ALIGNED__SHAM::ALT margin=+0.031452 flag=False
[252/288] POS::A14M_F4_EMAIL_01__N3_ALIGNED__SHAM::AUTH margin=+0.472373 flag=False
[253/288] POS::A14M_F4_EMAIL_01__N3_CONFLICT__ECHO::ALT margin=-1.519663 flag=True
[254/288] POS::A14M_F4_EMAIL_01__N3_CONFLICT__ECHO::AUTH margin=-0.900332 flag=True
[255/288] POS::A14M_F4_EMAIL_01__N3_CONFLICT__SHAM::ALT margin=-0.347684 flag=True
[256/288] POS::A14M_F4_EMAIL_01__N3_CONFLICT__SHAM::AUTH margin=+0.454803 flag=False
[257/288] POS::A14M_F4_EMAIL_02__N3_ALIGNED__ECHO::ALT margin=-1.275268 flag=True
[258/288] POS::A14M_F4_EMAIL_02__N3_ALIGNED__ECHO::AUTH margin=-0.881770 flag=True
[259/288] POS::A14M_F4_EMAIL_02__N3_ALIGNED__SHAM::ALT margin=-0.304474 flag=True
[260/288] POS::A14M_F4_EMAIL_02__N3_ALIGNED__SHAM::AUTH margin=+0.165543 flag=False
[261/288] POS::A14M_F4_EMAIL_02__N3_CONFLICT__ECHO::ALT margin=-1.653738 flag=True
[262/288] POS::A14M_F4_EMAIL_02__N3_CONFLICT__ECHO::AUTH margin=-0.819274 flag=True
[263/288] POS::A14M_F4_EMAIL_02__N3_CONFLICT__SHAM::ALT margin=-0.628805 flag=True
[264/288] POS::A14M_F4_EMAIL_02__N3_CONFLICT__SHAM::AUTH margin=+0.275492 flag=False
[265/288] POS::A14M_F4_EMAIL_03__N3_ALIGNED__ECHO::ALT margin=-1.218117 flag=True
[266/288] POS::A14M_F4_EMAIL_03__N3_ALIGNED__ECHO::AUTH margin=-0.781141 flag=True
[267/288] POS::A14M_F4_EMAIL_03__N3_ALIGNED__SHAM::ALT margin=-0.039909 flag=True
[268/288] POS::A14M_F4_EMAIL_03__N3_ALIGNED__SHAM::AUTH margin=+0.454806 flag=False
[269/288] POS::A14M_F4_EMAIL_03__N3_CONFLICT__ECHO::ALT margin=-1.516371 flag=True
[270/288] POS::A14M_F4_EMAIL_03__N3_CONFLICT__ECHO::AUTH margin=-0.758549 flag=True
[271/288] POS::A14M_F4_EMAIL_03__N3_CONFLICT__SHAM::ALT margin=-0.260829 flag=True
[272/288] POS::A14M_F4_EMAIL_03__N3_CONFLICT__SHAM::AUTH margin=+0.569118 flag=False
[273/288] POS::A14M_F4_EMAIL_04__N3_ALIGNED__ECHO::ALT margin=-0.940565 flag=True
[274/288] POS::A14M_F4_EMAIL_04__N3_ALIGNED__ECHO::AUTH margin=-0.782199 flag=True
[275/288] POS::A14M_F4_EMAIL_04__N3_ALIGNED__SHAM::ALT margin=+0.024384 flag=False
[276/288] POS::A14M_F4_EMAIL_04__N3_ALIGNED__SHAM::AUTH margin=+0.337181 flag=False
[277/288] POS::A14M_F4_EMAIL_04__N3_CONFLICT__ECHO::ALT margin=-1.453960 flag=True
[278/288] POS::A14M_F4_EMAIL_04__N3_CONFLICT__ECHO::AUTH margin=-0.863933 flag=True
[279/288] POS::A14M_F4_EMAIL_04__N3_CONFLICT__SHAM::ALT margin=-0.491910 flag=True
[280/288] POS::A14M_F4_EMAIL_04__N3_CONFLICT__SHAM::AUTH margin=+0.408488 flag=False
[281/288] POS::A14M_F4_EMAIL_05__N3_ALIGNED__ECHO::ALT margin=-1.199026 flag=True
[282/288] POS::A14M_F4_EMAIL_05__N3_ALIGNED__ECHO::AUTH margin=-0.767261 flag=True
[283/288] POS::A14M_F4_EMAIL_05__N3_ALIGNED__SHAM::ALT margin=+0.132333 flag=False
[284/288] POS::A14M_F4_EMAIL_05__N3_ALIGNED__SHAM::AUTH margin=+0.585191 flag=False
[285/288] POS::A14M_F4_EMAIL_05__N3_CONFLICT__ECHO::ALT margin=-1.576029 flag=True
[286/288] POS::A14M_F4_EMAIL_05__N3_CONFLICT__ECHO::AUTH margin=-0.837204 flag=True
[287/288] POS::A14M_F4_EMAIL_05__N3_CONFLICT__SHAM::ALT margin=-0.145921 flag=True
[288/288] POS::A14M_F4_EMAIL_05__N3_CONFLICT__SHAM::AUTH margin=+0.723847 flag=False
N3 SCIENCE COMPLETE scorer=gemma units=288
