[P0b-3] frozen science population=1046; already_done=0; remaining=1046
[P0b-3] COMPLETE 1/1046 (0.1%)
[P0b-3] COMPLETE 2/1046 (0.2%)
[P0b-3] COMPLETE 3/1046 (0.3%)
[P0b-3] COMPLETE 4/1046 (0.4%)
[P0b-3] COMPLETE 5/1046 (0.5%)
[P0b-3] COMPLETE 6/1046 (0.6%)
[P0b-3] COMPLETE 7/1046 (0.7%)
[P0b-3] COMPLETE 8/1046 (0.8%)
[P0b-3] COMPLETE 9/1046 (0.9%)
[P0b-3] COMPLETE 10/1046 (1.0%)
[P0b-3] COMPLETE 11/1046 (1.1%)
[P0b-3] COMPLETE 12/1046 (1.1%)
[P0b-3] COMPLETE 13/1046 (1.2%)
[P0b-3] COMPLETE 14/1046 (1.3%)
[P0b-3] COMPLETE 15/1046 (1.4%)
[P0b-3] COMPLETE 16/1046 (1.5%)
[P0b-3] COMPLETE 17/1046 (1.6%)
[P0b-3] COMPLETE 18/1046 (1.7%)
[P0b-3] COMPLETE 19/1046 (1.8%)
[P0b-3] COMPLETE 20/1046 (1.9%)
[P0b-3] COMPLETE 21/1046 (2.0%)
[P0b-3] COMPLETE 22/1046 (2.1%)
[P0b-3] COMPLETE 23/1046 (2.2%)
[P0b-3] COMPLETE 24/1046 (2.3%)
[P0b-3] COMPLETE 25/1046 (2.4%)
[P0b-3] COMPLETE 26/1046 (2.5%)
[P0b-3] COMPLETE 27/1046 (2.6%)
[P0b-3] COMPLETE 28/1046 (2.7%)
[P0b-3] COMPLETE 29/1046 (2.8%)
[P0b-3] COMPLETE 30/1046 (2.9%)
[P0b-3] COMPLETE 31/1046 (3.0%)
[P0b-3] COMPLETE 32/1046 (3.1%)
[P0b-3] COMPLETE 33/1046 (3.2%)
[P0b-3] COMPLETE 34/1046 (3.3%)
[P0b-3] COMPLETE 35/1046 (3.3%)
[P0b-3] COMPLETE 36/1046 (3.4%)
[P0b-3] COMPLETE 37/1046 (3.5%)
[P0b-3] COMPLETE 38/1046 (3.6%)
[P0b-3] COMPLETE 39/1046 (3.7%)
[P0b-3] COMPLETE 40/1046 (3.8%)
[P0b-3] COMPLETE 41/1046 (3.9%)
[P0b-3] COMPLETE 42/1046 (4.0%)
[P0b-3] COMPLETE 43/1046 (4.1%)
[P0b-3] COMPLETE 44/1046 (4.2%)
[P0b-3] COMPLETE 45/1046 (4.3%)
[P0b-3] COMPLETE 46/1046 (4.4%)
[P0b-3] COMPLETE 47/1046 (4.5%)
[P0b-3] COMPLETE 48/1046 (4.6%)
[P0b-3] COMPLETE 49/1046 (4.7%)
[P0b-3] COMPLETE 50/1046 (4.8%)
[P0b-3] COMPLETE 51/1046 (4.9%)
[P0b-3] COMPLETE 52/1046 (5.0%)
[P0b-3] COMPLETE 53/1046 (5.1%)
[P0b-3] COMPLETE 54/1046 (5.2%)
[P0b-3] COMPLETE 55/1046 (5.3%)
[P0b-3] COMPLETE 56/1046 (5.4%)
[P0b-3] COMPLETE 57/1046 (5.4%)
[P0b-3] COMPLETE 58/1046 (5.5%)
[P0b-3] COMPLETE 59/1046 (5.6%)
[P0b-3] COMPLETE 60/1046 (5.7%)
[P0b-3] COMPLETE 61/1046 (5.8%)
[P0b-3] COMPLETE 62/1046 (5.9%)
[P0b-3] COMPLETE 63/1046 (6.0%)
[P0b-3] COMPLETE 64/1046 (6.1%)
[P0b-3] COMPLETE 65/1046 (6.2%)
[P0b-3] COMPLETE 66/1046 (6.3%)
[P0b-3] COMPLETE 67/1046 (6.4%)
[P0b-3] COMPLETE 68/1046 (6.5%)
[P0b-3] COMPLETE 69/1046 (6.6%)
[P0b-3] COMPLETE 70/1046 (6.7%)
[P0b-3] COMPLETE 71/1046 (6.8%)
[P0b-3] COMPLETE 72/1046 (6.9%)
[P0b-3] COMPLETE 73/1046 (7.0%)
[P0b-3] COMPLETE 74/1046 (7.1%)
[P0b-3] COMPLETE 75/1046 (7.2%)
[P0b-3] COMPLETE 76/1046 (7.3%)
[P0b-3] COMPLETE 77/1046 (7.4%)
[P0b-3] COMPLETE 78/1046 (7.5%)
[P0b-3] COMPLETE 79/1046 (7.6%)
[P0b-3] COMPLETE 80/1046 (7.6%)
[P0b-3] COMPLETE 81/1046 (7.7%)
[P0b-3] COMPLETE 82/1046 (7.8%)
[P0b-3] COMPLETE 83/1046 (7.9%)
[P0b-3] COMPLETE 84/1046 (8.0%)
[P0b-3] COMPLETE 85/1046 (8.1%)
[P0b-3] COMPLETE 86/1046 (8.2%)
[P0b-3] COMPLETE 87/1046 (8.3%)
[P0b-3] COMPLETE 88/1046 (8.4%)
[P0b-3] COMPLETE 89/1046 (8.5%)
[P0b-3] COMPLETE 90/1046 (8.6%)
[P0b-3] COMPLETE 91/1046 (8.7%)
[P0b-3] COMPLETE 92/1046 (8.8%)
[P0b-3] COMPLETE 93/1046 (8.9%)
[P0b-3] COMPLETE 94/1046 (9.0%)
[P0b-3] COMPLETE 95/1046 (9.1%)
[P0b-3] COMPLETE 96/1046 (9.2%)
[P0b-3] COMPLETE 97/1046 (9.3%)
[P0b-3] COMPLETE 98/1046 (9.4%)
[P0b-3] COMPLETE 99/1046 (9.5%)
[P0b-3] COMPLETE 100/1046 (9.6%)
[P0b-3] COMPLETE 101/1046 (9.7%)
[P0b-3] COMPLETE 102/1046 (9.8%)
[P0b-3] COMPLETE 103/1046 (9.8%)
[P0b-3] COMPLETE 104/1046 (9.9%)
[P0b-3] COMPLETE 105/1046 (10.0%)
[P0b-3] COMPLETE 106/1046 (10.1%)
[P0b-3] COMPLETE 107/1046 (10.2%)
[P0b-3] COMPLETE 108/1046 (10.3%)
[P0b-3] COMPLETE 109/1046 (10.4%)
[P0b-3] COMPLETE 110/1046 (10.5%)
[P0b-3] COMPLETE 111/1046 (10.6%)
[P0b-3] COMPLETE 112/1046 (10.7%)
[P0b-3] COMPLETE 113/1046 (10.8%)
[P0b-3] COMPLETE 114/1046 (10.9%)
[P0b-3] COMPLETE 115/1046 (11.0%)
[P0b-3] COMPLETE 116/1046 (11.1%)
[P0b-3] COMPLETE 117/1046 (11.2%)
[P0b-3] COMPLETE 118/1046 (11.3%)
[P0b-3] COMPLETE 119/1046 (11.4%)
[P0b-3] COMPLETE 120/1046 (11.5%)
[P0b-3] COMPLETE 121/1046 (11.6%)
[P0b-3] COMPLETE 122/1046 (11.7%)
[P0b-3] COMPLETE 123/1046 (11.8%)
[P0b-3] COMPLETE 124/1046 (11.9%)
[P0b-3] COMPLETE 125/1046 (12.0%)
[P0b-3] COMPLETE 126/1046 (12.0%)
[P0b-3] COMPLETE 127/1046 (12.1%)
[P0b-3] COMPLETE 128/1046 (12.2%)
[P0b-3] COMPLETE 129/1046 (12.3%)
[P0b-3] COMPLETE 130/1046 (12.4%)
[P0b-3] COMPLETE 131/1046 (12.5%)
[P0b-3] COMPLETE 132/1046 (12.6%)
[P0b-3] COMPLETE 133/1046 (12.7%)
[P0b-3] COMPLETE 134/1046 (12.8%)
[P0b-3] COMPLETE 135/1046 (12.9%)
[P0b-3] COMPLETE 136/1046 (13.0%)
[P0b-3] COMPLETE 137/1046 (13.1%)
[P0b-3] COMPLETE 138/1046 (13.2%)
[P0b-3] COMPLETE 139/1046 (13.3%)
[P0b-3] COMPLETE 140/1046 (13.4%)
[P0b-3] COMPLETE 141/1046 (13.5%)
[P0b-3] COMPLETE 142/1046 (13.6%)
[P0b-3] COMPLETE 143/1046 (13.7%)
[P0b-3] COMPLETE 144/1046 (13.8%)
[P0b-3] COMPLETE 145/1046 (13.9%)
[P0b-3] COMPLETE 146/1046 (14.0%)
[P0b-3] COMPLETE 147/1046 (14.1%)
[P0b-3] COMPLETE 148/1046 (14.1%)
[P0b-3] COMPLETE 149/1046 (14.2%)
[P0b-3] COMPLETE 150/1046 (14.3%)
[P0b-3] COMPLETE 151/1046 (14.4%)
[P0b-3] COMPLETE 152/1046 (14.5%)
[P0b-3] COMPLETE 153/1046 (14.6%)
[P0b-3] COMPLETE 154/1046 (14.7%)
[P0b-3] COMPLETE 155/1046 (14.8%)
[P0b-3] COMPLETE 156/1046 (14.9%)
[P0b-3] COMPLETE 157/1046 (15.0%)
[P0b-3] COMPLETE 158/1046 (15.1%)
[P0b-3] COMPLETE 159/1046 (15.2%)
[P0b-3] COMPLETE 160/1046 (15.3%)
[P0b-3] COMPLETE 161/1046 (15.4%)
[P0b-3] COMPLETE 162/1046 (15.5%)
[P0b-3] COMPLETE 163/1046 (15.6%)
[P0b-3] COMPLETE 164/1046 (15.7%)
[P0b-3] COMPLETE 165/1046 (15.8%)
[P0b-3] COMPLETE 166/1046 (15.9%)
[P0b-3] COMPLETE 167/1046 (16.0%)
[P0b-3] COMPLETE 168/1046 (16.1%)
[P0b-3] COMPLETE 169/1046 (16.2%)
[P0b-3] COMPLETE 170/1046 (16.3%)
[P0b-3] COMPLETE 171/1046 (16.3%)
[P0b-3] COMPLETE 172/1046 (16.4%)
[P0b-3] COMPLETE 173/1046 (16.5%)
[P0b-3] COMPLETE 174/1046 (16.6%)
[P0b-3] COMPLETE 175/1046 (16.7%)
[P0b-3] COMPLETE 176/1046 (16.8%)
[P0b-3] COMPLETE 177/1046 (16.9%)
[P0b-3] COMPLETE 178/1046 (17.0%)
[P0b-3] COMPLETE 179/1046 (17.1%)
[P0b-3] COMPLETE 180/1046 (17.2%)
[P0b-3] COMPLETE 181/1046 (17.3%)
[P0b-3] COMPLETE 182/1046 (17.4%)
[P0b-3] COMPLETE 183/1046 (17.5%)
[P0b-3] COMPLETE 184/1046 (17.6%)
[P0b-3] COMPLETE 185/1046 (17.7%)
[P0b-3] COMPLETE 186/1046 (17.8%)
[P0b-3] COMPLETE 187/1046 (17.9%)
[P0b-3] COMPLETE 188/1046 (18.0%)
[P0b-3] COMPLETE 189/1046 (18.1%)
[P0b-3] COMPLETE 190/1046 (18.2%)
[P0b-3] COMPLETE 191/1046 (18.3%)
[P0b-3] COMPLETE 192/1046 (18.4%)
[P0b-3] COMPLETE 193/1046 (18.5%)
[P0b-3] COMPLETE 194/1046 (18.5%)
[P0b-3] COMPLETE 195/1046 (18.6%)
[P0b-3] COMPLETE 196/1046 (18.7%)
[P0b-3] COMPLETE 197/1046 (18.8%)
[P0b-3] COMPLETE 198/1046 (18.9%)
[P0b-3] COMPLETE 199/1046 (19.0%)
[P0b-3] COMPLETE 200/1046 (19.1%)
[P0b-3] COMPLETE 201/1046 (19.2%)
[P0b-3] COMPLETE 202/1046 (19.3%)
[P0b-3] COMPLETE 203/1046 (19.4%)
[P0b-3] COMPLETE 204/1046 (19.5%)
[P0b-3] COMPLETE 205/1046 (19.6%)
[P0b-3] COMPLETE 206/1046 (19.7%)
[P0b-3] COMPLETE 207/1046 (19.8%)
[P0b-3] COMPLETE 208/1046 (19.9%)
[P0b-3] COMPLETE 209/1046 (20.0%)
[P0b-3] COMPLETE 210/1046 (20.1%)
[P0b-3] COMPLETE 211/1046 (20.2%)
[P0b-3] COMPLETE 212/1046 (20.3%)
[P0b-3] COMPLETE 213/1046 (20.4%)
[P0b-3] COMPLETE 214/1046 (20.5%)
[P0b-3] COMPLETE 215/1046 (20.6%)
[P0b-3] COMPLETE 216/1046 (20.7%)
[P0b-3] COMPLETE 217/1046 (20.7%)
[P0b-3] COMPLETE 218/1046 (20.8%)
[P0b-3] COMPLETE 219/1046 (20.9%)
[P0b-3] COMPLETE 220/1046 (21.0%)
[P0b-3] COMPLETE 221/1046 (21.1%)
[P0b-3] COMPLETE 222/1046 (21.2%)
[P0b-3] COMPLETE 223/1046 (21.3%)
[P0b-3] COMPLETE 224/1046 (21.4%)
[P0b-3] COMPLETE 225/1046 (21.5%)
[P0b-3] COMPLETE 226/1046 (21.6%)
[P0b-3] COMPLETE 227/1046 (21.7%)
[P0b-3] COMPLETE 228/1046 (21.8%)
[P0b-3] COMPLETE 229/1046 (21.9%)
[P0b-3] COMPLETE 230/1046 (22.0%)
[P0b-3] COMPLETE 231/1046 (22.1%)
[P0b-3] COMPLETE 232/1046 (22.2%)
[P0b-3] COMPLETE 233/1046 (22.3%)
[P0b-3] COMPLETE 234/1046 (22.4%)
[P0b-3] COMPLETE 235/1046 (22.5%)
[P0b-3] COMPLETE 236/1046 (22.6%)
[P0b-3] COMPLETE 237/1046 (22.7%)
[P0b-3] COMPLETE 238/1046 (22.8%)
[P0b-3] COMPLETE 239/1046 (22.8%)
[P0b-3] COMPLETE 240/1046 (22.9%)
[P0b-3] COMPLETE 241/1046 (23.0%)
[P0b-3] COMPLETE 242/1046 (23.1%)
[P0b-3] COMPLETE 243/1046 (23.2%)
[P0b-3] COMPLETE 244/1046 (23.3%)
[P0b-3] COMPLETE 245/1046 (23.4%)
[P0b-3] COMPLETE 246/1046 (23.5%)
[P0b-3] COMPLETE 247/1046 (23.6%)
[P0b-3] COMPLETE 248/1046 (23.7%)
[P0b-3] COMPLETE 249/1046 (23.8%)
[P0b-3] COMPLETE 250/1046 (23.9%)
[P0b-3] COMPLETE 251/1046 (24.0%)
[P0b-3] COMPLETE 252/1046 (24.1%)
[P0b-3] COMPLETE 253/1046 (24.2%)
[P0b-3] COMPLETE 254/1046 (24.3%)
[P0b-3] COMPLETE 255/1046 (24.4%)
[P0b-3] COMPLETE 256/1046 (24.5%)
[P0b-3] COMPLETE 257/1046 (24.6%)
[P0b-3] COMPLETE 258/1046 (24.7%)
[P0b-3] COMPLETE 259/1046 (24.8%)
[P0b-3] COMPLETE 260/1046 (24.9%)
[P0b-3] COMPLETE 261/1046 (25.0%)
[P0b-3] COMPLETE 262/1046 (25.0%)
[P0b-3] COMPLETE 263/1046 (25.1%)
[P0b-3] COMPLETE 264/1046 (25.2%)
[P0b-3] COMPLETE 265/1046 (25.3%)
[P0b-3] COMPLETE 266/1046 (25.4%)
[P0b-3] COMPLETE 267/1046 (25.5%)
[P0b-3] COMPLETE 268/1046 (25.6%)
[P0b-3] COMPLETE 269/1046 (25.7%)
[P0b-3] COMPLETE 270/1046 (25.8%)
[P0b-3] COMPLETE 271/1046 (25.9%)
[P0b-3] COMPLETE 272/1046 (26.0%)
[P0b-3] COMPLETE 273/1046 (26.1%)
[P0b-3] COMPLETE 274/1046 (26.2%)
[P0b-3] COMPLETE 275/1046 (26.3%)
[P0b-3] COMPLETE 276/1046 (26.4%)
[P0b-3] COMPLETE 277/1046 (26.5%)
[P0b-3] COMPLETE 278/1046 (26.6%)
[P0b-3] COMPLETE 279/1046 (26.7%)
[P0b-3] COMPLETE 280/1046 (26.8%)
[P0b-3] COMPLETE 281/1046 (26.9%)
[P0b-3] COMPLETE 282/1046 (27.0%)
[P0b-3] COMPLETE 283/1046 (27.1%)
[P0b-3] COMPLETE 284/1046 (27.2%)
[P0b-3] COMPLETE 285/1046 (27.2%)
[P0b-3] COMPLETE 286/1046 (27.3%)
[P0b-3] COMPLETE 287/1046 (27.4%)
[P0b-3] COMPLETE 288/1046 (27.5%)
[P0b-3] COMPLETE 289/1046 (27.6%)
[P0b-3] COMPLETE 290/1046 (27.7%)
[P0b-3] COMPLETE 291/1046 (27.8%)
[P0b-3] COMPLETE 292/1046 (27.9%)
[P0b-3] COMPLETE 293/1046 (28.0%)
[P0b-3] COMPLETE 294/1046 (28.1%)
[P0b-3] COMPLETE 295/1046 (28.2%)
[P0b-3] COMPLETE 296/1046 (28.3%)
[P0b-3] COMPLETE 297/1046 (28.4%)
[P0b-3] COMPLETE 298/1046 (28.5%)
[P0b-3] COMPLETE 299/1046 (28.6%)
[P0b-3] COMPLETE 300/1046 (28.7%)
[P0b-3] COMPLETE 301/1046 (28.8%)
[P0b-3] COMPLETE 302/1046 (28.9%)
[P0b-3] COMPLETE 303/1046 (29.0%)
[P0b-3] COMPLETE 304/1046 (29.1%)
[P0b-3] COMPLETE 305/1046 (29.2%)
[P0b-3] COMPLETE 306/1046 (29.3%)
[P0b-3] COMPLETE 307/1046 (29.3%)
[P0b-3] COMPLETE 308/1046 (29.4%)
[P0b-3] COMPLETE 309/1046 (29.5%)
[P0b-3] COMPLETE 310/1046 (29.6%)
[P0b-3] COMPLETE 311/1046 (29.7%)
[P0b-3] COMPLETE 312/1046 (29.8%)
[P0b-3] COMPLETE 313/1046 (29.9%)
[P0b-3] COMPLETE 314/1046 (30.0%)
[P0b-3] COMPLETE 315/1046 (30.1%)
[P0b-3] COMPLETE 316/1046 (30.2%)
[P0b-3] COMPLETE 317/1046 (30.3%)
[P0b-3] COMPLETE 318/1046 (30.4%)
[P0b-3] COMPLETE 319/1046 (30.5%)
[P0b-3] COMPLETE 320/1046 (30.6%)
[P0b-3] COMPLETE 321/1046 (30.7%)
[P0b-3] COMPLETE 322/1046 (30.8%)
[P0b-3] COMPLETE 323/1046 (30.9%)
[P0b-3] COMPLETE 324/1046 (31.0%)
[P0b-3] COMPLETE 325/1046 (31.1%)
[P0b-3] COMPLETE 326/1046 (31.2%)
[P0b-3] COMPLETE 327/1046 (31.3%)
[P0b-3] COMPLETE 328/1046 (31.4%)
[P0b-3] COMPLETE 329/1046 (31.5%)
[P0b-3] COMPLETE 330/1046 (31.5%)
[P0b-3] COMPLETE 331/1046 (31.6%)
[P0b-3] COMPLETE 332/1046 (31.7%)
[P0b-3] COMPLETE 333/1046 (31.8%)
[P0b-3] COMPLETE 334/1046 (31.9%)
[P0b-3] COMPLETE 335/1046 (32.0%)
[P0b-3] COMPLETE 336/1046 (32.1%)
[P0b-3] COMPLETE 337/1046 (32.2%)
[P0b-3] COMPLETE 338/1046 (32.3%)
[P0b-3] COMPLETE 339/1046 (32.4%)
[P0b-3] COMPLETE 340/1046 (32.5%)
[P0b-3] COMPLETE 341/1046 (32.6%)
[P0b-3] COMPLETE 342/1046 (32.7%)
[P0b-3] COMPLETE 343/1046 (32.8%)
[P0b-3] COMPLETE 344/1046 (32.9%)
[P0b-3] COMPLETE 345/1046 (33.0%)
[P0b-3] COMPLETE 346/1046 (33.1%)
[P0b-3] COMPLETE 347/1046 (33.2%)
[P0b-3] COMPLETE 348/1046 (33.3%)
[P0b-3] COMPLETE 349/1046 (33.4%)
[P0b-3] COMPLETE 350/1046 (33.5%)
[P0b-3] COMPLETE 351/1046 (33.6%)
[P0b-3] COMPLETE 352/1046 (33.7%)
[P0b-3] COMPLETE 353/1046 (33.7%)
[P0b-3] COMPLETE 354/1046 (33.8%)
[P0b-3] COMPLETE 355/1046 (33.9%)
[P0b-3] COMPLETE 356/1046 (34.0%)
[P0b-3] COMPLETE 357/1046 (34.1%)
[P0b-3] COMPLETE 358/1046 (34.2%)
[P0b-3] COMPLETE 359/1046 (34.3%)
[P0b-3] COMPLETE 360/1046 (34.4%)
[P0b-3] COMPLETE 361/1046 (34.5%)
[P0b-3] COMPLETE 362/1046 (34.6%)
[P0b-3] COMPLETE 363/1046 (34.7%)
[P0b-3] COMPLETE 364/1046 (34.8%)
[P0b-3] COMPLETE 365/1046 (34.9%)
[P0b-3] COMPLETE 366/1046 (35.0%)
[P0b-3] COMPLETE 367/1046 (35.1%)
[P0b-3] COMPLETE 368/1046 (35.2%)
[P0b-3] COMPLETE 369/1046 (35.3%)
[P0b-3] COMPLETE 370/1046 (35.4%)
[P0b-3] COMPLETE 371/1046 (35.5%)
[P0b-3] COMPLETE 372/1046 (35.6%)
[P0b-3] COMPLETE 373/1046 (35.7%)
[P0b-3] COMPLETE 374/1046 (35.8%)
[P0b-3] COMPLETE 375/1046 (35.9%)
[P0b-3] COMPLETE 376/1046 (35.9%)
[P0b-3] COMPLETE 377/1046 (36.0%)
[P0b-3] COMPLETE 378/1046 (36.1%)
[P0b-3] COMPLETE 379/1046 (36.2%)
[P0b-3] COMPLETE 380/1046 (36.3%)
[P0b-3] COMPLETE 381/1046 (36.4%)
[P0b-3] COMPLETE 382/1046 (36.5%)
[P0b-3] COMPLETE 383/1046 (36.6%)
[P0b-3] COMPLETE 384/1046 (36.7%)
[P0b-3] COMPLETE 385/1046 (36.8%)
[P0b-3] COMPLETE 386/1046 (36.9%)
[P0b-3] COMPLETE 387/1046 (37.0%)
[P0b-3] COMPLETE 388/1046 (37.1%)
[P0b-3] COMPLETE 389/1046 (37.2%)
[P0b-3] COMPLETE 390/1046 (37.3%)
[P0b-3] COMPLETE 391/1046 (37.4%)
[P0b-3] COMPLETE 392/1046 (37.5%)
[P0b-3] COMPLETE 393/1046 (37.6%)
[P0b-3] COMPLETE 394/1046 (37.7%)
[P0b-3] COMPLETE 395/1046 (37.8%)
[P0b-3] COMPLETE 396/1046 (37.9%)
[P0b-3] COMPLETE 397/1046 (38.0%)
[P0b-3] COMPLETE 398/1046 (38.0%)
[P0b-3] COMPLETE 399/1046 (38.1%)
[P0b-3] COMPLETE 400/1046 (38.2%)
[P0b-3] COMPLETE 401/1046 (38.3%)
[P0b-3] COMPLETE 402/1046 (38.4%)
[P0b-3] COMPLETE 403/1046 (38.5%)
[P0b-3] COMPLETE 404/1046 (38.6%)
[P0b-3] COMPLETE 405/1046 (38.7%)
[P0b-3] COMPLETE 406/1046 (38.8%)
[P0b-3] COMPLETE 407/1046 (38.9%)
[P0b-3] COMPLETE 408/1046 (39.0%)
[P0b-3] COMPLETE 409/1046 (39.1%)
[P0b-3] COMPLETE 410/1046 (39.2%)
[P0b-3] COMPLETE 411/1046 (39.3%)
[P0b-3] COMPLETE 412/1046 (39.4%)
[P0b-3] COMPLETE 413/1046 (39.5%)
[P0b-3] COMPLETE 414/1046 (39.6%)
[P0b-3] COMPLETE 415/1046 (39.7%)
[P0b-3] COMPLETE 416/1046 (39.8%)
[P0b-3] COMPLETE 417/1046 (39.9%)
[P0b-3] COMPLETE 418/1046 (40.0%)
[P0b-3] COMPLETE 419/1046 (40.1%)
[P0b-3] COMPLETE 420/1046 (40.2%)
[P0b-3] COMPLETE 421/1046 (40.2%)
[P0b-3] COMPLETE 422/1046 (40.3%)
[P0b-3] COMPLETE 423/1046 (40.4%)
[P0b-3] COMPLETE 424/1046 (40.5%)
[P0b-3] COMPLETE 425/1046 (40.6%)
[P0b-3] COMPLETE 426/1046 (40.7%)
[P0b-3] COMPLETE 427/1046 (40.8%)
[P0b-3] COMPLETE 428/1046 (40.9%)
[P0b-3] COMPLETE 429/1046 (41.0%)
[P0b-3] COMPLETE 430/1046 (41.1%)
[P0b-3] COMPLETE 431/1046 (41.2%)
[P0b-3] COMPLETE 432/1046 (41.3%)
[P0b-3] COMPLETE 433/1046 (41.4%)
[P0b-3] COMPLETE 434/1046 (41.5%)
[P0b-3] COMPLETE 435/1046 (41.6%)
[P0b-3] COMPLETE 436/1046 (41.7%)
[P0b-3] COMPLETE 437/1046 (41.8%)
[P0b-3] COMPLETE 438/1046 (41.9%)
[P0b-3] COMPLETE 439/1046 (42.0%)
[P0b-3] COMPLETE 440/1046 (42.1%)
[P0b-3] COMPLETE 441/1046 (42.2%)
[P0b-3] COMPLETE 442/1046 (42.3%)
[P0b-3] COMPLETE 443/1046 (42.4%)
[P0b-3] COMPLETE 444/1046 (42.4%)
[P0b-3] COMPLETE 445/1046 (42.5%)
[P0b-3] COMPLETE 446/1046 (42.6%)
[P0b-3] COMPLETE 447/1046 (42.7%)
[P0b-3] COMPLETE 448/1046 (42.8%)
[P0b-3] COMPLETE 449/1046 (42.9%)
[P0b-3] COMPLETE 450/1046 (43.0%)
[P0b-3] COMPLETE 451/1046 (43.1%)
[P0b-3] COMPLETE 452/1046 (43.2%)
[P0b-3] COMPLETE 453/1046 (43.3%)
[P0b-3] COMPLETE 454/1046 (43.4%)
[P0b-3] COMPLETE 455/1046 (43.5%)
[P0b-3] COMPLETE 456/1046 (43.6%)
[P0b-3] COMPLETE 457/1046 (43.7%)
[P0b-3] COMPLETE 458/1046 (43.8%)
[P0b-3] COMPLETE 459/1046 (43.9%)
[P0b-3] COMPLETE 460/1046 (44.0%)
[P0b-3] COMPLETE 461/1046 (44.1%)
[P0b-3] COMPLETE 462/1046 (44.2%)
[P0b-3] COMPLETE 463/1046 (44.3%)
[P0b-3] COMPLETE 464/1046 (44.4%)
[P0b-3] COMPLETE 465/1046 (44.5%)
/home/anon_/ratchet/phase0_pilot/.venv/lib/python3.11/site-packages/agentdojo/task_suite/task_suite.py:397: UserWarning: Model output was None for task user_task_7
  warnings.warn(f"Model output was None for task {user_task.ID}")
[P0b-3] COMPLETE 466/1046 (44.6%)
[P0b-3] COMPLETE 467/1046 (44.6%)
[P0b-3] COMPLETE 468/1046 (44.7%)
[P0b-3] COMPLETE 469/1046 (44.8%)
[P0b-3] COMPLETE 470/1046 (44.9%)
[P0b-3] COMPLETE 471/1046 (45.0%)
[P0b-3] COMPLETE 472/1046 (45.1%)
[P0b-3] COMPLETE 473/1046 (45.2%)
[P0b-3] COMPLETE 474/1046 (45.3%)
[P0b-3] COMPLETE 475/1046 (45.4%)
[P0b-3] COMPLETE 476/1046 (45.5%)
[P0b-3] COMPLETE 477/1046 (45.6%)
[P0b-3] COMPLETE 478/1046 (45.7%)
[P0b-3] COMPLETE 479/1046 (45.8%)
[P0b-3] COMPLETE 480/1046 (45.9%)
[P0b-3] COMPLETE 481/1046 (46.0%)
[P0b-3] COMPLETE 482/1046 (46.1%)
[P0b-3] COMPLETE 483/1046 (46.2%)
[P0b-3] COMPLETE 484/1046 (46.3%)
[P0b-3] COMPLETE 485/1046 (46.4%)
[P0b-3] COMPLETE 486/1046 (46.5%)
[P0b-3] COMPLETE 487/1046 (46.6%)
[P0b-3] COMPLETE 488/1046 (46.7%)
[P0b-3] COMPLETE 489/1046 (46.7%)
[P0b-3] COMPLETE 490/1046 (46.8%)
[P0b-3] COMPLETE 491/1046 (46.9%)
[P0b-3] COMPLETE 492/1046 (47.0%)
[P0b-3] COMPLETE 493/1046 (47.1%)
[P0b-3] COMPLETE 494/1046 (47.2%)
[P0b-3] COMPLETE 495/1046 (47.3%)
[P0b-3] COMPLETE 496/1046 (47.4%)
[P0b-3] COMPLETE 497/1046 (47.5%)
[P0b-3] COMPLETE 498/1046 (47.6%)
[P0b-3] COMPLETE 499/1046 (47.7%)
[P0b-3] COMPLETE 500/1046 (47.8%)
[P0b-3] COMPLETE 501/1046 (47.9%)
[P0b-3] COMPLETE 502/1046 (48.0%)
[P0b-3] COMPLETE 503/1046 (48.1%)
[P0b-3] COMPLETE 504/1046 (48.2%)
[P0b-3] COMPLETE 505/1046 (48.3%)
[P0b-3] COMPLETE 506/1046 (48.4%)
[P0b-3] COMPLETE 507/1046 (48.5%)
[P0b-3] COMPLETE 508/1046 (48.6%)
[P0b-3] COMPLETE 509/1046 (48.7%)
[P0b-3] COMPLETE 510/1046 (48.8%)
[P0b-3] COMPLETE 511/1046 (48.9%)
[P0b-3] COMPLETE 512/1046 (48.9%)
[P0b-3] COMPLETE 513/1046 (49.0%)
[P0b-3] COMPLETE 514/1046 (49.1%)
[P0b-3] COMPLETE 515/1046 (49.2%)
[P0b-3] COMPLETE 516/1046 (49.3%)
[P0b-3] COMPLETE 517/1046 (49.4%)
[P0b-3] COMPLETE 518/1046 (49.5%)
[P0b-3] COMPLETE 519/1046 (49.6%)
[P0b-3] COMPLETE 520/1046 (49.7%)
[P0b-3] COMPLETE 521/1046 (49.8%)
[P0b-3] COMPLETE 522/1046 (49.9%)
[P0b-3] COMPLETE 523/1046 (50.0%)
[P0b-3] COMPLETE 524/1046 (50.1%)
[P0b-3] COMPLETE 525/1046 (50.2%)
[P0b-3] COMPLETE 526/1046 (50.3%)
[P0b-3] COMPLETE 527/1046 (50.4%)
[P0b-3] COMPLETE 528/1046 (50.5%)
[P0b-3] COMPLETE 529/1046 (50.6%)
[P0b-3] COMPLETE 530/1046 (50.7%)
[P0b-3] COMPLETE 531/1046 (50.8%)
[P0b-3] COMPLETE 532/1046 (50.9%)
[P0b-3] COMPLETE 533/1046 (51.0%)
[P0b-3] COMPLETE 534/1046 (51.1%)
[P0b-3] COMPLETE 535/1046 (51.1%)
[P0b-3] COMPLETE 536/1046 (51.2%)
[P0b-3] COMPLETE 537/1046 (51.3%)
[P0b-3] COMPLETE 538/1046 (51.4%)
[P0b-3] COMPLETE 539/1046 (51.5%)
[P0b-3] COMPLETE 540/1046 (51.6%)
[P0b-3] COMPLETE 541/1046 (51.7%)
[P0b-3] COMPLETE 542/1046 (51.8%)
[P0b-3] COMPLETE 543/1046 (51.9%)
[P0b-3] COMPLETE 544/1046 (52.0%)
[P0b-3] COMPLETE 545/1046 (52.1%)
[P0b-3] COMPLETE 546/1046 (52.2%)
[P0b-3] COMPLETE 547/1046 (52.3%)
[P0b-3] COMPLETE 548/1046 (52.4%)
[P0b-3] COMPLETE 549/1046 (52.5%)
[P0b-3] COMPLETE 550/1046 (52.6%)
[P0b-3] COMPLETE 551/1046 (52.7%)
[P0b-3] COMPLETE 552/1046 (52.8%)
[P0b-3] COMPLETE 553/1046 (52.9%)
[P0b-3] COMPLETE 554/1046 (53.0%)
[P0b-3] COMPLETE 555/1046 (53.1%)
[P0b-3] COMPLETE 556/1046 (53.2%)
[P0b-3] COMPLETE 557/1046 (53.3%)
[P0b-3] COMPLETE 558/1046 (53.3%)
[P0b-3] COMPLETE 559/1046 (53.4%)
[P0b-3] COMPLETE 560/1046 (53.5%)
[P0b-3] COMPLETE 561/1046 (53.6%)
[P0b-3] COMPLETE 562/1046 (53.7%)
[P0b-3] COMPLETE 563/1046 (53.8%)
[P0b-3] COMPLETE 564/1046 (53.9%)
[P0b-3] COMPLETE 565/1046 (54.0%)
[P0b-3] COMPLETE 566/1046 (54.1%)
[P0b-3] COMPLETE 567/1046 (54.2%)
[P0b-3] COMPLETE 568/1046 (54.3%)
[P0b-3] COMPLETE 569/1046 (54.4%)
[P0b-3] COMPLETE 570/1046 (54.5%)
[P0b-3] COMPLETE 571/1046 (54.6%)
[P0b-3] COMPLETE 572/1046 (54.7%)
[P0b-3] COMPLETE 573/1046 (54.8%)
[P0b-3] COMPLETE 574/1046 (54.9%)
[P0b-3] COMPLETE 575/1046 (55.0%)
[P0b-3] COMPLETE 576/1046 (55.1%)
[P0b-3] COMPLETE 577/1046 (55.2%)
[P0b-3] COMPLETE 578/1046 (55.3%)
[P0b-3] COMPLETE 579/1046 (55.4%)
[P0b-3] COMPLETE 580/1046 (55.4%)
[P0b-3] COMPLETE 581/1046 (55.5%)
[P0b-3] COMPLETE 582/1046 (55.6%)
[P0b-3] COMPLETE 583/1046 (55.7%)
[P0b-3] COMPLETE 584/1046 (55.8%)
[P0b-3] COMPLETE 585/1046 (55.9%)
[P0b-3] COMPLETE 586/1046 (56.0%)
[P0b-3] COMPLETE 587/1046 (56.1%)
[P0b-3] COMPLETE 588/1046 (56.2%)
[P0b-3] COMPLETE 589/1046 (56.3%)
[P0b-3] COMPLETE 590/1046 (56.4%)
[P0b-3] COMPLETE 591/1046 (56.5%)
[P0b-3] COMPLETE 592/1046 (56.6%)
[P0b-3] COMPLETE 593/1046 (56.7%)
[P0b-3] COMPLETE 594/1046 (56.8%)
[P0b-3] COMPLETE 595/1046 (56.9%)
[P0b-3] COMPLETE 596/1046 (57.0%)
[P0b-3] COMPLETE 597/1046 (57.1%)
[P0b-3] COMPLETE 598/1046 (57.2%)
[P0b-3] COMPLETE 599/1046 (57.3%)
[P0b-3] COMPLETE 600/1046 (57.4%)
[P0b-3] COMPLETE 601/1046 (57.5%)
[P0b-3] COMPLETE 602/1046 (57.6%)
[P0b-3] COMPLETE 603/1046 (57.6%)
[P0b-3] COMPLETE 604/1046 (57.7%)
[P0b-3] COMPLETE 605/1046 (57.8%)
[P0b-3] COMPLETE 606/1046 (57.9%)
[P0b-3] COMPLETE 607/1046 (58.0%)
[P0b-3] COMPLETE 608/1046 (58.1%)
[P0b-3] COMPLETE 609/1046 (58.2%)
[P0b-3] COMPLETE 610/1046 (58.3%)
[P0b-3] COMPLETE 611/1046 (58.4%)
[P0b-3] COMPLETE 612/1046 (58.5%)
[P0b-3] COMPLETE 613/1046 (58.6%)
[P0b-3] COMPLETE 614/1046 (58.7%)
[P0b-3] COMPLETE 615/1046 (58.8%)
[P0b-3] COMPLETE 616/1046 (58.9%)
[P0b-3] COMPLETE 617/1046 (59.0%)
[P0b-3] COMPLETE 618/1046 (59.1%)
[P0b-3] COMPLETE 619/1046 (59.2%)
[P0b-3] COMPLETE 620/1046 (59.3%)
[P0b-3] COMPLETE 621/1046 (59.4%)
[P0b-3] COMPLETE 622/1046 (59.5%)
[P0b-3] COMPLETE 623/1046 (59.6%)
[P0b-3] COMPLETE 624/1046 (59.7%)
[P0b-3] COMPLETE 625/1046 (59.8%)
[P0b-3] COMPLETE 626/1046 (59.8%)
[P0b-3] COMPLETE 627/1046 (59.9%)
[P0b-3] COMPLETE 628/1046 (60.0%)
[P0b-3] COMPLETE 629/1046 (60.1%)
[P0b-3] COMPLETE 630/1046 (60.2%)
[P0b-3] COMPLETE 631/1046 (60.3%)
[P0b-3] COMPLETE 632/1046 (60.4%)
[P0b-3] COMPLETE 633/1046 (60.5%)
[P0b-3] COMPLETE 634/1046 (60.6%)
[P0b-3] COMPLETE 635/1046 (60.7%)
[P0b-3] COMPLETE 636/1046 (60.8%)
[P0b-3] COMPLETE 637/1046 (60.9%)
[P0b-3] COMPLETE 638/1046 (61.0%)
[P0b-3] COMPLETE 639/1046 (61.1%)
[P0b-3] COMPLETE 640/1046 (61.2%)
[P0b-3] COMPLETE 641/1046 (61.3%)
[P0b-3] COMPLETE 642/1046 (61.4%)
[P0b-3] COMPLETE 643/1046 (61.5%)
[P0b-3] COMPLETE 644/1046 (61.6%)
[P0b-3] COMPLETE 645/1046 (61.7%)
[P0b-3] COMPLETE 646/1046 (61.8%)
[P0b-3] COMPLETE 647/1046 (61.9%)
[P0b-3] COMPLETE 648/1046 (62.0%)
[P0b-3] COMPLETE 649/1046 (62.0%)
[P0b-3] COMPLETE 650/1046 (62.1%)
[P0b-3] COMPLETE 651/1046 (62.2%)
[P0b-3] COMPLETE 652/1046 (62.3%)
[P0b-3] COMPLETE 653/1046 (62.4%)
[P0b-3] COMPLETE 654/1046 (62.5%)
[P0b-3] COMPLETE 655/1046 (62.6%)
[P0b-3] COMPLETE 656/1046 (62.7%)
[P0b-3] COMPLETE 657/1046 (62.8%)
[P0b-3] COMPLETE 658/1046 (62.9%)
[P0b-3] COMPLETE 659/1046 (63.0%)
[P0b-3] COMPLETE 660/1046 (63.1%)
[P0b-3] COMPLETE 661/1046 (63.2%)
[P0b-3] COMPLETE 662/1046 (63.3%)
[P0b-3] COMPLETE 663/1046 (63.4%)
[P0b-3] COMPLETE 664/1046 (63.5%)
[P0b-3] COMPLETE 665/1046 (63.6%)
[P0b-3] COMPLETE 666/1046 (63.7%)
[P0b-3] COMPLETE 667/1046 (63.8%)
[P0b-3] COMPLETE 668/1046 (63.9%)
[P0b-3] COMPLETE 669/1046 (64.0%)
[P0b-3] COMPLETE 670/1046 (64.1%)
[P0b-3] COMPLETE 671/1046 (64.1%)
[P0b-3] COMPLETE 672/1046 (64.2%)
[P0b-3] COMPLETE 673/1046 (64.3%)
[P0b-3] COMPLETE 674/1046 (64.4%)
[P0b-3] COMPLETE 675/1046 (64.5%)
[P0b-3] COMPLETE 676/1046 (64.6%)
[P0b-3] COMPLETE 677/1046 (64.7%)
[P0b-3] COMPLETE 678/1046 (64.8%)
[P0b-3] COMPLETE 679/1046 (64.9%)
[P0b-3] COMPLETE 680/1046 (65.0%)
[P0b-3] COMPLETE 681/1046 (65.1%)
[P0b-3] COMPLETE 682/1046 (65.2%)
[P0b-3] COMPLETE 683/1046 (65.3%)
[P0b-3] COMPLETE 684/1046 (65.4%)
[P0b-3] COMPLETE 685/1046 (65.5%)
[P0b-3] COMPLETE 686/1046 (65.6%)
[P0b-3] COMPLETE 687/1046 (65.7%)
[P0b-3] COMPLETE 688/1046 (65.8%)
[P0b-3] COMPLETE 689/1046 (65.9%)
[P0b-3] COMPLETE 690/1046 (66.0%)
[P0b-3] COMPLETE 691/1046 (66.1%)
[P0b-3] COMPLETE 692/1046 (66.2%)
[P0b-3] COMPLETE 693/1046 (66.3%)
[P0b-3] COMPLETE 694/1046 (66.3%)
[P0b-3] COMPLETE 695/1046 (66.4%)
[P0b-3] COMPLETE 696/1046 (66.5%)
[P0b-3] COMPLETE 697/1046 (66.6%)
[P0b-3] COMPLETE 698/1046 (66.7%)
[P0b-3] COMPLETE 699/1046 (66.8%)
[P0b-3] COMPLETE 700/1046 (66.9%)
[P0b-3] COMPLETE 701/1046 (67.0%)
[P0b-3] COMPLETE 702/1046 (67.1%)
[P0b-3] COMPLETE 703/1046 (67.2%)
[P0b-3] COMPLETE 704/1046 (67.3%)
[P0b-3] COMPLETE 705/1046 (67.4%)
[P0b-3] COMPLETE 706/1046 (67.5%)
[P0b-3] COMPLETE 707/1046 (67.6%)
[P0b-3] COMPLETE 708/1046 (67.7%)
[P0b-3] COMPLETE 709/1046 (67.8%)
[P0b-3] COMPLETE 710/1046 (67.9%)
[P0b-3] COMPLETE 711/1046 (68.0%)
[P0b-3] COMPLETE 712/1046 (68.1%)
[P0b-3] COMPLETE 713/1046 (68.2%)
[P0b-3] COMPLETE 714/1046 (68.3%)
[P0b-3] COMPLETE 715/1046 (68.4%)
[P0b-3] COMPLETE 716/1046 (68.5%)
[P0b-3] COMPLETE 717/1046 (68.5%)
[P0b-3] COMPLETE 718/1046 (68.6%)
[P0b-3] COMPLETE 719/1046 (68.7%)
[P0b-3] COMPLETE 720/1046 (68.8%)
[P0b-3] COMPLETE 721/1046 (68.9%)
[P0b-3] COMPLETE 722/1046 (69.0%)
[P0b-3] COMPLETE 723/1046 (69.1%)
[P0b-3] COMPLETE 724/1046 (69.2%)
[P0b-3] COMPLETE 725/1046 (69.3%)
[P0b-3] COMPLETE 726/1046 (69.4%)
[P0b-3] COMPLETE 727/1046 (69.5%)
[P0b-3] COMPLETE 728/1046 (69.6%)
[P0b-3] COMPLETE 729/1046 (69.7%)
[P0b-3] COMPLETE 730/1046 (69.8%)
[P0b-3] COMPLETE 731/1046 (69.9%)
[P0b-3] COMPLETE 732/1046 (70.0%)
[P0b-3] COMPLETE 733/1046 (70.1%)
[P0b-3] COMPLETE 734/1046 (70.2%)
[P0b-3] COMPLETE 735/1046 (70.3%)
[P0b-3] COMPLETE 736/1046 (70.4%)
[P0b-3] COMPLETE 737/1046 (70.5%)
[P0b-3] COMPLETE 738/1046 (70.6%)
[P0b-3] COMPLETE 739/1046 (70.7%)
[P0b-3] COMPLETE 740/1046 (70.7%)
[P0b-3] COMPLETE 741/1046 (70.8%)
[P0b-3] COMPLETE 742/1046 (70.9%)
[P0b-3] COMPLETE 743/1046 (71.0%)
[P0b-3] COMPLETE 744/1046 (71.1%)
[P0b-3] COMPLETE 745/1046 (71.2%)
[P0b-3] COMPLETE 746/1046 (71.3%)
[P0b-3] COMPLETE 747/1046 (71.4%)
[P0b-3] COMPLETE 748/1046 (71.5%)
[P0b-3] COMPLETE 749/1046 (71.6%)
[P0b-3] COMPLETE 750/1046 (71.7%)
[P0b-3] COMPLETE 751/1046 (71.8%)
[P0b-3] COMPLETE 752/1046 (71.9%)
[P0b-3] COMPLETE 753/1046 (72.0%)
[P0b-3] COMPLETE 754/1046 (72.1%)
[P0b-3] COMPLETE 755/1046 (72.2%)
[P0b-3] COMPLETE 756/1046 (72.3%)
[P0b-3] COMPLETE 757/1046 (72.4%)
[P0b-3] COMPLETE 758/1046 (72.5%)
[P0b-3] COMPLETE 759/1046 (72.6%)
[P0b-3] COMPLETE 760/1046 (72.7%)
[P0b-3] COMPLETE 761/1046 (72.8%)
[P0b-3] COMPLETE 762/1046 (72.8%)
[P0b-3] COMPLETE 763/1046 (72.9%)
[P0b-3] COMPLETE 764/1046 (73.0%)
[P0b-3] COMPLETE 765/1046 (73.1%)
[P0b-3] COMPLETE 766/1046 (73.2%)
[P0b-3] COMPLETE 767/1046 (73.3%)
[P0b-3] COMPLETE 768/1046 (73.4%)
[P0b-3] COMPLETE 769/1046 (73.5%)
[P0b-3] COMPLETE 770/1046 (73.6%)
[P0b-3] COMPLETE 771/1046 (73.7%)
[P0b-3] COMPLETE 772/1046 (73.8%)
[P0b-3] COMPLETE 773/1046 (73.9%)
[P0b-3] COMPLETE 774/1046 (74.0%)
[P0b-3] COMPLETE 775/1046 (74.1%)
[P0b-3] COMPLETE 776/1046 (74.2%)
[P0b-3] COMPLETE 777/1046 (74.3%)
[P0b-3] COMPLETE 778/1046 (74.4%)
[P0b-3] COMPLETE 779/1046 (74.5%)
[P0b-3] COMPLETE 780/1046 (74.6%)
[P0b-3] COMPLETE 781/1046 (74.7%)
[P0b-3] COMPLETE 782/1046 (74.8%)
[P0b-3] COMPLETE 783/1046 (74.9%)
[P0b-3] COMPLETE 784/1046 (75.0%)
[P0b-3] COMPLETE 785/1046 (75.0%)
[P0b-3] COMPLETE 786/1046 (75.1%)
[P0b-3] COMPLETE 787/1046 (75.2%)
[P0b-3] COMPLETE 788/1046 (75.3%)
[P0b-3] COMPLETE 789/1046 (75.4%)
[P0b-3] COMPLETE 790/1046 (75.5%)
[P0b-3] COMPLETE 791/1046 (75.6%)
[P0b-3] COMPLETE 792/1046 (75.7%)
[P0b-3] COMPLETE 793/1046 (75.8%)
[P0b-3] COMPLETE 794/1046 (75.9%)
[P0b-3] COMPLETE 795/1046 (76.0%)
[P0b-3] COMPLETE 796/1046 (76.1%)
[P0b-3] COMPLETE 797/1046 (76.2%)
[P0b-3] COMPLETE 798/1046 (76.3%)
[P0b-3] COMPLETE 799/1046 (76.4%)
[P0b-3] COMPLETE 800/1046 (76.5%)
[P0b-3] COMPLETE 801/1046 (76.6%)
[P0b-3] COMPLETE 802/1046 (76.7%)
[P0b-3] COMPLETE 803/1046 (76.8%)
[P0b-3] COMPLETE 804/1046 (76.9%)
[P0b-3] COMPLETE 805/1046 (77.0%)
[P0b-3] COMPLETE 806/1046 (77.1%)
[P0b-3] COMPLETE 807/1046 (77.2%)
[P0b-3] COMPLETE 808/1046 (77.2%)
[P0b-3] COMPLETE 809/1046 (77.3%)
[P0b-3] COMPLETE 810/1046 (77.4%)
[P0b-3] COMPLETE 811/1046 (77.5%)
[P0b-3] COMPLETE 812/1046 (77.6%)
[P0b-3] COMPLETE 813/1046 (77.7%)
[P0b-3] COMPLETE 814/1046 (77.8%)
[P0b-3] COMPLETE 815/1046 (77.9%)
[P0b-3] COMPLETE 816/1046 (78.0%)
[P0b-3] COMPLETE 817/1046 (78.1%)
[P0b-3] COMPLETE 818/1046 (78.2%)
[P0b-3] COMPLETE 819/1046 (78.3%)
[P0b-3] COMPLETE 820/1046 (78.4%)
[P0b-3] COMPLETE 821/1046 (78.5%)
[P0b-3] COMPLETE 822/1046 (78.6%)
[P0b-3] COMPLETE 823/1046 (78.7%)
[P0b-3] COMPLETE 824/1046 (78.8%)
[P0b-3] COMPLETE 825/1046 (78.9%)
[P0b-3] COMPLETE 826/1046 (79.0%)
[P0b-3] COMPLETE 827/1046 (79.1%)
[P0b-3] COMPLETE 828/1046 (79.2%)
[P0b-3] COMPLETE 829/1046 (79.3%)
[P0b-3] COMPLETE 830/1046 (79.3%)
[P0b-3] COMPLETE 831/1046 (79.4%)
[P0b-3] COMPLETE 832/1046 (79.5%)
[P0b-3] COMPLETE 833/1046 (79.6%)
[P0b-3] COMPLETE 834/1046 (79.7%)
[P0b-3] COMPLETE 835/1046 (79.8%)
[P0b-3] COMPLETE 836/1046 (79.9%)
[P0b-3] COMPLETE 837/1046 (80.0%)
[P0b-3] COMPLETE 838/1046 (80.1%)
[P0b-3] COMPLETE 839/1046 (80.2%)
[P0b-3] COMPLETE 840/1046 (80.3%)
[P0b-3] COMPLETE 841/1046 (80.4%)
[P0b-3] COMPLETE 842/1046 (80.5%)
[P0b-3] COMPLETE 843/1046 (80.6%)
[P0b-3] COMPLETE 844/1046 (80.7%)
[P0b-3] COMPLETE 845/1046 (80.8%)
[P0b-3] COMPLETE 846/1046 (80.9%)
[P0b-3] COMPLETE 847/1046 (81.0%)
[P0b-3] COMPLETE 848/1046 (81.1%)
[P0b-3] COMPLETE 849/1046 (81.2%)
[P0b-3] COMPLETE 850/1046 (81.3%)
[P0b-3] COMPLETE 851/1046 (81.4%)
[P0b-3] COMPLETE 852/1046 (81.5%)
[P0b-3] COMPLETE 853/1046 (81.5%)
[P0b-3] COMPLETE 854/1046 (81.6%)
[P0b-3] COMPLETE 855/1046 (81.7%)
[P0b-3] COMPLETE 856/1046 (81.8%)
[P0b-3] COMPLETE 857/1046 (81.9%)
[P0b-3] COMPLETE 858/1046 (82.0%)
[P0b-3] COMPLETE 859/1046 (82.1%)
[P0b-3] COMPLETE 860/1046 (82.2%)
[P0b-3] COMPLETE 861/1046 (82.3%)
[P0b-3] COMPLETE 862/1046 (82.4%)
[P0b-3] COMPLETE 863/1046 (82.5%)
[P0b-3] COMPLETE 864/1046 (82.6%)
[P0b-3] COMPLETE 865/1046 (82.7%)
[P0b-3] COMPLETE 866/1046 (82.8%)
[P0b-3] COMPLETE 867/1046 (82.9%)
[P0b-3] COMPLETE 868/1046 (83.0%)
[P0b-3] COMPLETE 869/1046 (83.1%)
[P0b-3] COMPLETE 870/1046 (83.2%)
[P0b-3] COMPLETE 871/1046 (83.3%)
[P0b-3] COMPLETE 872/1046 (83.4%)
[P0b-3] COMPLETE 873/1046 (83.5%)
[P0b-3] COMPLETE 874/1046 (83.6%)
[P0b-3] COMPLETE 875/1046 (83.7%)
[P0b-3] COMPLETE 876/1046 (83.7%)
[P0b-3] COMPLETE 877/1046 (83.8%)
[P0b-3] COMPLETE 878/1046 (83.9%)
[P0b-3] COMPLETE 879/1046 (84.0%)
[P0b-3] COMPLETE 880/1046 (84.1%)
[P0b-3] COMPLETE 881/1046 (84.2%)
[P0b-3] COMPLETE 882/1046 (84.3%)
[P0b-3] COMPLETE 883/1046 (84.4%)
[P0b-3] COMPLETE 884/1046 (84.5%)
[P0b-3] COMPLETE 885/1046 (84.6%)
[P0b-3] COMPLETE 886/1046 (84.7%)
[P0b-3] COMPLETE 887/1046 (84.8%)
[P0b-3] COMPLETE 888/1046 (84.9%)
[P0b-3] COMPLETE 889/1046 (85.0%)
[P0b-3] COMPLETE 890/1046 (85.1%)
[P0b-3] COMPLETE 891/1046 (85.2%)
[P0b-3] COMPLETE 892/1046 (85.3%)
[P0b-3] COMPLETE 893/1046 (85.4%)
[P0b-3] COMPLETE 894/1046 (85.5%)
[P0b-3] COMPLETE 895/1046 (85.6%)
[P0b-3] COMPLETE 896/1046 (85.7%)
[P0b-3] COMPLETE 897/1046 (85.8%)
[P0b-3] COMPLETE 898/1046 (85.9%)
[P0b-3] COMPLETE 899/1046 (85.9%)
[P0b-3] COMPLETE 900/1046 (86.0%)
[P0b-3] COMPLETE 901/1046 (86.1%)
[P0b-3] COMPLETE 902/1046 (86.2%)
[P0b-3] COMPLETE 903/1046 (86.3%)
[P0b-3] COMPLETE 904/1046 (86.4%)
[P0b-3] COMPLETE 905/1046 (86.5%)
[P0b-3] COMPLETE 906/1046 (86.6%)
[P0b-3] COMPLETE 907/1046 (86.7%)
[P0b-3] COMPLETE 908/1046 (86.8%)
[P0b-3] COMPLETE 909/1046 (86.9%)
[P0b-3] COMPLETE 910/1046 (87.0%)
[P0b-3] COMPLETE 911/1046 (87.1%)
[P0b-3] COMPLETE 912/1046 (87.2%)
[P0b-3] COMPLETE 913/1046 (87.3%)
[P0b-3] COMPLETE 914/1046 (87.4%)
[P0b-3] COMPLETE 915/1046 (87.5%)
[P0b-3] COMPLETE 916/1046 (87.6%)
[P0b-3] COMPLETE 917/1046 (87.7%)
[P0b-3] COMPLETE 918/1046 (87.8%)
[P0b-3] COMPLETE 919/1046 (87.9%)
[P0b-3] COMPLETE 920/1046 (88.0%)
[P0b-3] COMPLETE 921/1046 (88.0%)
[P0b-3] COMPLETE 922/1046 (88.1%)
[P0b-3] COMPLETE 923/1046 (88.2%)
[P0b-3] COMPLETE 924/1046 (88.3%)
[P0b-3] COMPLETE 925/1046 (88.4%)
[P0b-3] COMPLETE 926/1046 (88.5%)
[P0b-3] COMPLETE 927/1046 (88.6%)
[P0b-3] COMPLETE 928/1046 (88.7%)
[P0b-3] COMPLETE 929/1046 (88.8%)
[P0b-3] COMPLETE 930/1046 (88.9%)
[P0b-3] COMPLETE 931/1046 (89.0%)
[P0b-3] COMPLETE 932/1046 (89.1%)
[P0b-3] COMPLETE 933/1046 (89.2%)
[P0b-3] COMPLETE 934/1046 (89.3%)
[P0b-3] COMPLETE 935/1046 (89.4%)
[P0b-3] COMPLETE 936/1046 (89.5%)
[P0b-3] COMPLETE 937/1046 (89.6%)
[P0b-3] COMPLETE 938/1046 (89.7%)
[P0b-3] COMPLETE 939/1046 (89.8%)
[P0b-3] COMPLETE 940/1046 (89.9%)
[P0b-3] COMPLETE 941/1046 (90.0%)
[P0b-3] COMPLETE 942/1046 (90.1%)
[P0b-3] COMPLETE 943/1046 (90.2%)
[P0b-3] COMPLETE 944/1046 (90.2%)
[P0b-3] COMPLETE 945/1046 (90.3%)
[P0b-3] COMPLETE 946/1046 (90.4%)
[P0b-3] COMPLETE 947/1046 (90.5%)
[P0b-3] COMPLETE 948/1046 (90.6%)
[P0b-3] COMPLETE 949/1046 (90.7%)
[P0b-3] COMPLETE 950/1046 (90.8%)
[P0b-3] COMPLETE 951/1046 (90.9%)
[P0b-3] COMPLETE 952/1046 (91.0%)
[P0b-3] COMPLETE 953/1046 (91.1%)
[P0b-3] COMPLETE 954/1046 (91.2%)
[P0b-3] COMPLETE 955/1046 (91.3%)
[P0b-3] COMPLETE 956/1046 (91.4%)
[P0b-3] COMPLETE 957/1046 (91.5%)
[P0b-3] COMPLETE 958/1046 (91.6%)
[P0b-3] COMPLETE 959/1046 (91.7%)
[P0b-3] COMPLETE 960/1046 (91.8%)
[P0b-3] COMPLETE 961/1046 (91.9%)
[P0b-3] COMPLETE 962/1046 (92.0%)
[P0b-3] COMPLETE 963/1046 (92.1%)
[P0b-3] COMPLETE 964/1046 (92.2%)
[P0b-3] COMPLETE 965/1046 (92.3%)
[P0b-3] COMPLETE 966/1046 (92.4%)
[P0b-3] COMPLETE 967/1046 (92.4%)
[P0b-3] COMPLETE 968/1046 (92.5%)
[P0b-3] COMPLETE 969/1046 (92.6%)
[P0b-3] COMPLETE 970/1046 (92.7%)
[P0b-3] COMPLETE 971/1046 (92.8%)
[P0b-3] COMPLETE 972/1046 (92.9%)
[P0b-3] COMPLETE 973/1046 (93.0%)
[P0b-3] COMPLETE 974/1046 (93.1%)
[P0b-3] COMPLETE 975/1046 (93.2%)
[P0b-3] COMPLETE 976/1046 (93.3%)
[P0b-3] COMPLETE 977/1046 (93.4%)
[P0b-3] COMPLETE 978/1046 (93.5%)
[P0b-3] COMPLETE 979/1046 (93.6%)
[P0b-3] COMPLETE 980/1046 (93.7%)
[P0b-3] COMPLETE 981/1046 (93.8%)
[P0b-3] COMPLETE 982/1046 (93.9%)
[P0b-3] COMPLETE 983/1046 (94.0%)
[P0b-3] COMPLETE 984/1046 (94.1%)
[P0b-3] COMPLETE 985/1046 (94.2%)
[P0b-3] COMPLETE 986/1046 (94.3%)
[P0b-3] COMPLETE 987/1046 (94.4%)
/home/anon_/ratchet/phase0_pilot/.venv/lib/python3.11/site-packages/agentdojo/task_suite/task_suite.py:397: UserWarning: Model output was None for task user_task_5
  warnings.warn(f"Model output was None for task {user_task.ID}")
[P0b-3] COMPLETE 988/1046 (94.5%)
[P0b-3] COMPLETE 989/1046 (94.6%)
[P0b-3] COMPLETE 990/1046 (94.6%)
[P0b-3] COMPLETE 991/1046 (94.7%)
[P0b-3] COMPLETE 992/1046 (94.8%)
FATAL scientific episode error at attack:workspace:user_task_6:injection_task_10: HardStop: proxy HTTP 400: {"error":{"message":"This model's maximum context length is 16384 tokens. However, you requested 0 output tokens and your prompt contains at least 16385 input tokens, for a total of at least 16385 tokens. Please reduce the length of the input prompt or the number of requested output tokens. (parameter=input_tokens, value=16385)","type":"BadRequestError","param":"input_tokens","code":400}}
No PASS/FAIL was imputed. Correct only the transport/runtime issue and rerun this identical frozen command to resume.
