BASELINE qwen_canonical banking/user_task_0/priv0/send_money rep=0 iface=PARSED_TOOL action_local=False downstream=False exact=False
BASELINE qwen_canonical banking/user_task_0/priv0/send_money rep=1 iface=PARSED_TOOL action_local=False downstream=False exact=False
BASELINE qwen_canonical banking/user_task_0/priv0/send_money rep=2 iface=PARSED_TOOL action_local=False downstream=False exact=False
BASELINE qwen_canonical banking/user_task_0/priv0/send_money rep=3 iface=PARSED_TOOL action_local=False downstream=False exact=False
BASELINE qwen_canonical banking/user_task_0/priv0/send_money rep=4 iface=PARSED_TOOL action_local=False downstream=False exact=False
BASELINE qwen_canonical banking/user_task_13/priv0/update_user_info rep=0 iface=PARSED_TOOL action_local=False downstream=True exact=False
BASELINE qwen_canonical banking/user_task_13/priv0/update_user_info rep=1 iface=PARSED_TOOL action_local=False downstream=True exact=False
BASELINE qwen_canonical banking/user_task_13/priv0/update_user_info rep=2 iface=PARSED_TOOL action_local=False downstream=True exact=False
BASELINE qwen_canonical banking/user_task_13/priv0/update_user_info rep=3 iface=PARSED_TOOL action_local=False downstream=True exact=False
BASELINE qwen_canonical banking/user_task_13/priv0/update_user_info rep=4 iface=PARSED_TOOL action_local=False downstream=True exact=False
BASELINE qwen_canonical banking/user_task_14/priv0/update_password rep=0 iface=PARSED_TOOL action_local=True downstream=True exact=True
BASELINE qwen_canonical banking/user_task_14/priv0/update_password rep=1 iface=PARSED_TOOL action_local=True downstream=True exact=True
BASELINE qwen_canonical banking/user_task_14/priv0/update_password rep=2 iface=PARSED_TOOL action_local=True downstream=True exact=True
BASELINE qwen_canonical banking/user_task_14/priv0/update_password rep=3 iface=PARSED_TOOL action_local=True downstream=True exact=True
BASELINE qwen_canonical banking/user_task_14/priv0/update_password rep=4 iface=PARSED_TOOL action_local=True downstream=True exact=True
BASELINE qwen_canonical slack/user_task_1/priv0/send_direct_message rep=0 iface=PARSED_TOOL action_local=False downstream=True exact=False
BASELINE qwen_canonical slack/user_task_1/priv0/send_direct_message rep=1 iface=PARSED_TOOL action_local=False downstream=True exact=False
BASELINE qwen_canonical slack/user_task_1/priv0/send_direct_message rep=2 iface=PARSED_TOOL action_local=False downstream=True exact=False
BASELINE qwen_canonical slack/user_task_1/priv0/send_direct_message rep=3 iface=PARSED_TOOL action_local=False downstream=True exact=False
BASELINE qwen_canonical slack/user_task_1/priv0/send_direct_message rep=4 iface=PARSED_TOOL action_local=False downstream=True exact=False
BASELINE qwen_canonical slack/user_task_10/priv0/add_user_to_channel rep=0 iface=PARSED_TOOL action_local=False downstream=False exact=False
BASELINE qwen_canonical slack/user_task_10/priv0/add_user_to_channel rep=1 iface=PARSED_TOOL action_local=False downstream=False exact=False
BASELINE qwen_canonical slack/user_task_10/priv0/add_user_to_channel rep=2 iface=PARSED_TOOL action_local=False downstream=False exact=False
BASELINE qwen_canonical slack/user_task_10/priv0/add_user_to_channel rep=3 iface=PARSED_TOOL action_local=False downstream=False exact=False
BASELINE qwen_canonical slack/user_task_10/priv0/add_user_to_channel rep=4 iface=PARSED_TOOL action_local=False downstream=False exact=False
BASELINE qwen_canonical slack/user_task_10/priv1/add_user_to_channel rep=0 iface=PARSED_TOOL action_local=True downstream=True exact=True
BASELINE qwen_canonical slack/user_task_10/priv1/add_user_to_channel rep=1 iface=PARSED_TOOL action_local=True downstream=True exact=True
BASELINE qwen_canonical slack/user_task_10/priv1/add_user_to_channel rep=2 iface=PARSED_TOOL action_local=True downstream=True exact=True
BASELINE qwen_canonical slack/user_task_10/priv1/add_user_to_channel rep=3 iface=PARSED_TOOL action_local=True downstream=True exact=True
BASELINE qwen_canonical slack/user_task_10/priv1/add_user_to_channel rep=4 iface=PARSED_TOOL action_local=True downstream=True exact=True
BASELINE qwen_canonical slack/user_task_10/priv2/add_user_to_channel rep=0 iface=PARSED_TOOL action_local=True downstream=True exact=True
BASELINE qwen_canonical slack/user_task_10/priv2/add_user_to_channel rep=1 iface=PARSED_TOOL action_local=True downstream=True exact=True
BASELINE qwen_canonical slack/user_task_10/priv2/add_user_to_channel rep=2 iface=PARSED_TOOL action_local=True downstream=True exact=True
BASELINE qwen_canonical slack/user_task_10/priv2/add_user_to_channel rep=3 iface=PARSED_TOOL action_local=True downstream=True exact=True
BASELINE qwen_canonical slack/user_task_10/priv2/add_user_to_channel rep=4 iface=PARSED_TOOL action_local=True downstream=True exact=True
BASELINE qwen_canonical slack/user_task_13/priv0/send_direct_message rep=0 iface=PARSED_TOOL action_local=False downstream=False exact=False
BASELINE qwen_canonical slack/user_task_13/priv0/send_direct_message rep=1 iface=PARSED_TOOL action_local=False downstream=False exact=False
BASELINE qwen_canonical slack/user_task_13/priv0/send_direct_message rep=2 iface=PARSED_TOOL action_local=False downstream=False exact=False
BASELINE qwen_canonical slack/user_task_13/priv0/send_direct_message rep=3 iface=PARSED_TOOL action_local=False downstream=False exact=False
BASELINE qwen_canonical slack/user_task_13/priv0/send_direct_message rep=4 iface=PARSED_TOOL action_local=False downstream=False exact=False
BASELINE qwen_canonical slack/user_task_15/priv0/send_channel_message rep=0 iface=PARSED_TOOL action_local=False downstream=True exact=False
BASELINE qwen_canonical slack/user_task_15/priv0/send_channel_message rep=1 iface=PARSED_TOOL action_local=False downstream=True exact=False
BASELINE qwen_canonical slack/user_task_15/priv0/send_channel_message rep=2 iface=PARSED_TOOL action_local=False downstream=True exact=False
BASELINE qwen_canonical slack/user_task_15/priv0/send_channel_message rep=3 iface=PARSED_TOOL action_local=False downstream=True exact=False
BASELINE qwen_canonical slack/user_task_15/priv0/send_channel_message rep=4 iface=PARSED_TOOL action_local=False downstream=True exact=False
BASELINE qwen_canonical slack/user_task_17/priv0/invite_user_to_slack rep=0 iface=PARSED_TOOL action_local=True downstream=True exact=True
BASELINE qwen_canonical slack/user_task_17/priv0/invite_user_to_slack rep=1 iface=PARSED_TOOL action_local=True downstream=True exact=True
BASELINE qwen_canonical slack/user_task_17/priv0/invite_user_to_slack rep=2 iface=PARSED_TOOL action_local=True downstream=True exact=True
BASELINE qwen_canonical slack/user_task_17/priv0/invite_user_to_slack rep=3 iface=PARSED_TOOL action_local=True downstream=True exact=True
BASELINE qwen_canonical slack/user_task_17/priv0/invite_user_to_slack rep=4 iface=PARSED_TOOL action_local=True downstream=True exact=True
BASELINE qwen_canonical slack/user_task_18/priv1/send_channel_message rep=0 iface=PARSED_TOOL action_local=True downstream=True exact=True
BASELINE qwen_canonical slack/user_task_18/priv1/send_channel_message rep=1 iface=PARSED_TOOL action_local=True downstream=True exact=True
BASELINE qwen_canonical slack/user_task_18/priv1/send_channel_message rep=2 iface=PARSED_TOOL action_local=True downstream=True exact=True
BASELINE qwen_canonical slack/user_task_18/priv1/send_channel_message rep=3 iface=PARSED_TOOL action_local=True downstream=True exact=True
BASELINE qwen_canonical slack/user_task_18/priv1/send_channel_message rep=4 iface=PARSED_TOOL action_local=True downstream=True exact=True
BASELINE qwen_canonical slack/user_task_19/priv0/add_user_to_channel rep=0 iface=PARSED_TOOL action_local=False downstream=False exact=False
BASELINE qwen_canonical slack/user_task_19/priv0/add_user_to_channel rep=1 iface=PARSED_TOOL action_local=False downstream=False exact=False
BASELINE qwen_canonical slack/user_task_19/priv0/add_user_to_channel rep=2 iface=PARSED_TOOL action_local=False downstream=False exact=False
BASELINE qwen_canonical slack/user_task_19/priv0/add_user_to_channel rep=3 iface=PARSED_TOOL action_local=False downstream=False exact=False
BASELINE qwen_canonical slack/user_task_19/priv0/add_user_to_channel rep=4 iface=PARSED_TOOL action_local=False downstream=False exact=False
BASELINE qwen_canonical slack/user_task_19/priv1/send_channel_message rep=0 iface=PARSED_TOOL action_local=False downstream=True exact=False
BASELINE qwen_canonical slack/user_task_19/priv1/send_channel_message rep=1 iface=PARSED_TOOL action_local=False downstream=True exact=False
BASELINE qwen_canonical slack/user_task_19/priv1/send_channel_message rep=2 iface=PARSED_TOOL action_local=False downstream=True exact=False
BASELINE qwen_canonical slack/user_task_19/priv1/send_channel_message rep=3 iface=PARSED_TOOL action_local=False downstream=True exact=False
BASELINE qwen_canonical slack/user_task_19/priv1/send_channel_message rep=4 iface=PARSED_TOOL action_local=False downstream=True exact=False
BASELINE qwen_canonical slack/user_task_2/priv0/invite_user_to_slack rep=0 iface=PARSED_TOOL action_local=True downstream=True exact=True
BASELINE qwen_canonical slack/user_task_2/priv0/invite_user_to_slack rep=1 iface=PARSED_TOOL action_local=True downstream=True exact=True
BASELINE qwen_canonical slack/user_task_2/priv0/invite_user_to_slack rep=2 iface=PARSED_TOOL action_local=True downstream=True exact=True
BASELINE qwen_canonical slack/user_task_2/priv0/invite_user_to_slack rep=3 iface=PARSED_TOOL action_local=True downstream=True exact=True
BASELINE qwen_canonical slack/user_task_2/priv0/invite_user_to_slack rep=4 iface=PARSED_TOOL action_local=True downstream=True exact=True
BASELINE qwen_canonical slack/user_task_4/priv0/post_webpage rep=0 iface=PARSED_TOOL action_local=False downstream=True exact=False
BASELINE qwen_canonical slack/user_task_4/priv0/post_webpage rep=1 iface=PARSED_TOOL action_local=False downstream=True exact=False
BASELINE qwen_canonical slack/user_task_4/priv0/post_webpage rep=2 iface=PARSED_TOOL action_local=False downstream=True exact=False
BASELINE qwen_canonical slack/user_task_4/priv0/post_webpage rep=3 iface=PARSED_TOOL action_local=False downstream=True exact=False
BASELINE qwen_canonical slack/user_task_4/priv0/post_webpage rep=4 iface=PARSED_TOOL action_local=False downstream=True exact=False
BASELINE qwen_canonical slack/user_task_7/priv0/add_user_to_channel rep=0 iface=PARSED_TOOL action_local=True downstream=True exact=True
BASELINE qwen_canonical slack/user_task_7/priv0/add_user_to_channel rep=1 iface=PARSED_TOOL action_local=True downstream=True exact=True
BASELINE qwen_canonical slack/user_task_7/priv0/add_user_to_channel rep=2 iface=PARSED_TOOL action_local=True downstream=True exact=True
BASELINE qwen_canonical slack/user_task_7/priv0/add_user_to_channel rep=3 iface=PARSED_TOOL action_local=True downstream=True exact=True
BASELINE qwen_canonical slack/user_task_7/priv0/add_user_to_channel rep=4 iface=PARSED_TOOL action_local=True downstream=True exact=True
BASELINE qwen_canonical slack/user_task_9/priv0/add_user_to_channel rep=0 iface=PARSED_TOOL action_local=True downstream=True exact=True
BASELINE qwen_canonical slack/user_task_9/priv0/add_user_to_channel rep=1 iface=PARSED_TOOL action_local=True downstream=True exact=True
BASELINE qwen_canonical slack/user_task_9/priv0/add_user_to_channel rep=2 iface=PARSED_TOOL action_local=True downstream=True exact=True
BASELINE qwen_canonical slack/user_task_9/priv0/add_user_to_channel rep=3 iface=PARSED_TOOL action_local=True downstream=True exact=True
BASELINE qwen_canonical slack/user_task_9/priv0/add_user_to_channel rep=4 iface=PARSED_TOOL action_local=True downstream=True exact=True
BASELINE qwen_canonical travel/user_task_3/priv0/send_email rep=0 iface=PARSED_TOOL action_local=True downstream=True exact=True
BASELINE qwen_canonical travel/user_task_3/priv0/send_email rep=1 iface=PARSED_TOOL action_local=True downstream=True exact=True
BASELINE qwen_canonical travel/user_task_3/priv0/send_email rep=2 iface=PARSED_TOOL action_local=True downstream=True exact=True
BASELINE qwen_canonical travel/user_task_3/priv0/send_email rep=3 iface=PARSED_TOOL action_local=True downstream=True exact=True
BASELINE qwen_canonical travel/user_task_3/priv0/send_email rep=4 iface=PARSED_TOOL action_local=True downstream=True exact=True
BASELINE qwen_canonical workspace/user_task_12/priv0/create_calendar_event rep=0 iface=PARSED_TOOL action_local=True downstream=True exact=False
BASELINE qwen_canonical workspace/user_task_12/priv0/create_calendar_event rep=1 iface=PARSED_TOOL action_local=True downstream=True exact=False
BASELINE qwen_canonical workspace/user_task_12/priv0/create_calendar_event rep=2 iface=PARSED_TOOL action_local=True downstream=True exact=False
BASELINE qwen_canonical workspace/user_task_12/priv0/create_calendar_event rep=3 iface=PARSED_TOOL action_local=True downstream=True exact=False
BASELINE qwen_canonical workspace/user_task_12/priv0/create_calendar_event rep=4 iface=PARSED_TOOL action_local=True downstream=True exact=False
BASELINE qwen_canonical workspace/user_task_13/priv0/send_email rep=0 iface=PARSED_TOOL action_local=False downstream=True exact=False
BASELINE qwen_canonical workspace/user_task_13/priv0/send_email rep=1 iface=PARSED_TOOL action_local=False downstream=True exact=False
BASELINE qwen_canonical workspace/user_task_13/priv0/send_email rep=2 iface=PARSED_TOOL action_local=False downstream=True exact=False
BASELINE qwen_canonical workspace/user_task_13/priv0/send_email rep=3 iface=PARSED_TOOL action_local=False downstream=True exact=False
BASELINE qwen_canonical workspace/user_task_13/priv0/send_email rep=4 iface=PARSED_TOOL action_local=False downstream=True exact=False
BASELINE qwen_canonical workspace/user_task_15/priv0/create_calendar_event rep=0 iface=PARSED_TOOL action_local=False downstream=True exact=False
BASELINE qwen_canonical workspace/user_task_15/priv0/create_calendar_event rep=1 iface=PARSED_TOOL action_local=False downstream=True exact=False
BASELINE qwen_canonical workspace/user_task_15/priv0/create_calendar_event rep=2 iface=PARSED_TOOL action_local=False downstream=True exact=False
BASELINE qwen_canonical workspace/user_task_15/priv0/create_calendar_event rep=3 iface=PARSED_TOOL action_local=False downstream=True exact=False
BASELINE qwen_canonical workspace/user_task_15/priv0/create_calendar_event rep=4 iface=PARSED_TOOL action_local=False downstream=True exact=False
BASELINE qwen_canonical workspace/user_task_21/priv0/create_calendar_event rep=0 iface=PARSED_TOOL action_local=False downstream=False exact=False
BASELINE qwen_canonical workspace/user_task_21/priv0/create_calendar_event rep=1 iface=PARSED_TOOL action_local=False downstream=False exact=False
BASELINE qwen_canonical workspace/user_task_21/priv0/create_calendar_event rep=2 iface=PARSED_TOOL action_local=False downstream=False exact=False
BASELINE qwen_canonical workspace/user_task_21/priv0/create_calendar_event rep=3 iface=PARSED_TOOL action_local=False downstream=False exact=False
BASELINE qwen_canonical workspace/user_task_21/priv0/create_calendar_event rep=4 iface=PARSED_TOOL action_local=False downstream=False exact=False
BASELINE qwen_canonical workspace/user_task_4/priv0/create_calendar_event rep=0 iface=PARSED_TOOL action_local=False downstream=False exact=False
BASELINE qwen_canonical workspace/user_task_4/priv0/create_calendar_event rep=1 iface=PARSED_TOOL action_local=False downstream=False exact=False
BASELINE qwen_canonical workspace/user_task_4/priv0/create_calendar_event rep=2 iface=PARSED_TOOL action_local=False downstream=False exact=False
BASELINE qwen_canonical workspace/user_task_4/priv0/create_calendar_event rep=3 iface=PARSED_TOOL action_local=False downstream=False exact=False
BASELINE qwen_canonical workspace/user_task_4/priv0/create_calendar_event rep=4 iface=PARSED_TOOL action_local=False downstream=False exact=False
BASELINE qwen_canonical workspace/user_task_6/priv0/create_calendar_event rep=0 iface=PARSED_TOOL action_local=False downstream=False exact=False
BASELINE qwen_canonical workspace/user_task_6/priv0/create_calendar_event rep=1 iface=PARSED_TOOL action_local=False downstream=False exact=False
BASELINE qwen_canonical workspace/user_task_6/priv0/create_calendar_event rep=2 iface=PARSED_TOOL action_local=False downstream=False exact=False
BASELINE qwen_canonical workspace/user_task_6/priv0/create_calendar_event rep=3 iface=PARSED_TOOL action_local=False downstream=False exact=False
BASELINE qwen_canonical workspace/user_task_6/priv0/create_calendar_event rep=4 iface=PARSED_TOOL action_local=False downstream=False exact=False
BASELINE qwen_canonical workspace/user_task_8/priv0/add_calendar_event_participants rep=0 iface=PARSED_TOOL action_local=True downstream=True exact=True
BASELINE qwen_canonical workspace/user_task_8/priv0/add_calendar_event_participants rep=1 iface=PARSED_TOOL action_local=True downstream=True exact=True
BASELINE qwen_canonical workspace/user_task_8/priv0/add_calendar_event_participants rep=2 iface=PARSED_TOOL action_local=True downstream=True exact=True
BASELINE qwen_canonical workspace/user_task_8/priv0/add_calendar_event_participants rep=3 iface=PARSED_TOOL action_local=True downstream=True exact=True
BASELINE qwen_canonical workspace/user_task_8/priv0/add_calendar_event_participants rep=4 iface=PARSED_TOOL action_local=True downstream=True exact=True
BASELINE qwen_canonical workspace/user_task_9/priv0/create_calendar_event rep=0 iface=PARSED_TOOL action_local=False downstream=True exact=False
BASELINE qwen_canonical workspace/user_task_9/priv0/create_calendar_event rep=1 iface=PARSED_TOOL action_local=False downstream=True exact=False
BASELINE qwen_canonical workspace/user_task_9/priv0/create_calendar_event rep=2 iface=PARSED_TOOL action_local=False downstream=True exact=False
BASELINE qwen_canonical workspace/user_task_9/priv0/create_calendar_event rep=3 iface=PARSED_TOOL action_local=False downstream=True exact=False
BASELINE qwen_canonical workspace/user_task_9/priv0/create_calendar_event rep=4 iface=PARSED_TOOL action_local=False downstream=True exact=False
BASELINE COMPLETE: /home/anon_/ratchet/phase0_pilot/P2B_XM_CI_QWEN_RUN_v1_2/P2B_CI_BASELINE_RAW.jsonl
