HASH PASS FINAL_AUTH_ALT_LEDGER.jsonl e587fe75379215eaf518030411d072253a001560b7fe7e46b0006a023319f7dc
HASH PASS FINAL_COHORT.csv 4d3531d998b72e4d8c1d257151669fd2d508b9c3db2150297c68aa88208e1847
HASH PASS USENIX27_FINAL_EXPERIMENT_FREEZE_E2E_ATTRIGUARD_v4_FINAL_CODING_FREEZE_RECONCILED.md 4d992b635e9dbc13f5eb276f6a1264fbb9600e494c07da87d9b7217b361ce2e0
{
  "B_after_oracle": 14,
  "B_entering_oracle": 14,
  "CASE_012_precondition_resolved": true,
  "CASE_014_location_resolution": "required fields fixed; location allowed only null/omitted or Meeting Room 2",
  "NO_MODEL_CALLS": true,
  "all_14_oracles_deterministic": true,
  "minimum_B": 12,
  "mutation_failures": 0,
  "mutation_tests_total": 140,
  "next_gate": "matched CLEAN/ALIGNED/CONFLICT renderer",
  "status": "PHASE_A4_PAEF_ORACLE_PASS"
}
{
  "status": "CONTEXT_SOURCE_SCHEDULE_PASS",
  "B": 14,
  "N_exec": 420,
  "agentdojo_version": "0.1.35",
  "NO_SCIENTIFIC_CALLS": true
}
{
  "status": "ZERO_CALL_INTEGRATED_BUILD_PASS",
  "B": 14,
  "N_exec": 420,
  "NEXT": "run one live dev preflight, then seal GO",
  "NO_SCIENTIFIC_CALLS": true
}
=== ZERO-CALL INTEGRATED BUILD COMPLETE ===
NO SCIENTIFIC MODEL CALLS WERE MADE.
NEXT: run run_LIVE_DEV_PREFLIGHT_AND_SEAL.sh (permanently excluded dev task only).
