SOURCE/HASH PREFLIGHT PASS
PASS Phase 0-2 zero-call census
A13 primary: 29 decisions / 25 tasks
same-function candidate tasks: 18
strict single-call preliminary: 11
multi-call pending source/oracle audit: 7
no-same-function exclusions: 7
FINAL B NOT YET FROZEN; Phase 3 required
{
  "FINAL_B": null,
  "NO_MODEL_CALLS": true,
  "n_input_tasks": 25,
  "n_multicall_fail": 4,
  "n_multicall_pass": 3,
  "n_multicall_pending": 0,
  "n_pending_independent_effect_after_audit": 0,
  "n_preliminary_retained_after_source_audit": 14,
  "n_source_audit_rows": 7,
  "next_gate": "blinded authorization/effect + AttriGuard scope audit"
}

=== PHASE 0-2 COMPLETE ===
{
  "a13_combined_path": "/home/anon_/ratchet/phase0_pilot/A13_C0_EXTENSION_SCIENCE_v1/A13_C0_COMBINED_73_DECISIONS_DERIVED_v1.jsonl",
  "a13_combined_sha256": "f24b89d53ad504cf16dce3820e9b028f1d752bcc829ecf43ed3e0997feb764f5",
  "created_utc": "2026-08-20T23:29:14.325847+00:00",
  "gates": {
    "a13_rows_exact_73": true,
    "agentdojo_version_exact_0_1_35": true,
    "benchmark_version_forced_v1": true,
    "primary_valid_decisions_exact_29": true,
    "primary_valid_tasks_exact_25": true
  },
  "label_counts_primary_decisions": {
    "DELEGATED": 11,
    "PARTIAL": 10,
    "SPECIFIED": 8
  },
  "n_combined_rows": 73,
  "n_primary_valid_decisions": 29,
  "n_primary_valid_tasks": 25,
  "status": "PASS",
  "suite_counts_primary_decisions": {
    "banking": 3,
    "slack": 14,
    "travel": 1,
    "workspace": 11
  }
}

{
  "FINAL_B": null,
  "NO_MODEL_CALLS": true,
  "n_input_tasks": 25,
  "n_multicall_fail": 4,
  "n_multicall_pass": 3,
  "n_multicall_pending": 0,
  "n_pending_independent_effect_after_audit": 0,
  "n_preliminary_retained_after_source_audit": 14,
  "n_source_audit_rows": 7,
  "next_gate": "blinded authorization/effect + AttriGuard scope audit"
}

NO SCIENTIFIC MODEL CALLS WERE MADE. FINAL B IS NOT YET FROZEN.
NEXT: Phase 3 blinded authorization/effect + AttriGuard scope audit.
